Archive member included to satisfy reference by file (symbol)

e:/learning/mecanum_wheel/mounriver_studio/toolchain/risc-v embedded gcc/bin/../lib/gcc/riscv-none-embed/8.2.0/rv32imac/ilp32\libgcc.a(adddf3.o)
                              ./my/findline.o (__adddf3)
e:/learning/mecanum_wheel/mounriver_studio/toolchain/risc-v embedded gcc/bin/../lib/gcc/riscv-none-embed/8.2.0/rv32imac/ilp32\libgcc.a(eqdf2.o)
                              ./Libraries/seekfree_peripheral/SEEKFREE_PRINTF.o (__nedf2)
e:/learning/mecanum_wheel/mounriver_studio/toolchain/risc-v embedded gcc/bin/../lib/gcc/riscv-none-embed/8.2.0/rv32imac/ilp32\libgcc.a(gedf2.o)
                              ./my/findline.o (__gtdf2)
e:/learning/mecanum_wheel/mounriver_studio/toolchain/risc-v embedded gcc/bin/../lib/gcc/riscv-none-embed/8.2.0/rv32imac/ilp32\libgcc.a(ledf2.o)
                              ./my/findline.o (__ltdf2)
e:/learning/mecanum_wheel/mounriver_studio/toolchain/risc-v embedded gcc/bin/../lib/gcc/riscv-none-embed/8.2.0/rv32imac/ilp32\libgcc.a(muldf3.o)
                              ./my/adc.o (__muldf3)
e:/learning/mecanum_wheel/mounriver_studio/toolchain/risc-v embedded gcc/bin/../lib/gcc/riscv-none-embed/8.2.0/rv32imac/ilp32\libgcc.a(subdf3.o)
                              ./my/pid.o (__subdf3)
e:/learning/mecanum_wheel/mounriver_studio/toolchain/risc-v embedded gcc/bin/../lib/gcc/riscv-none-embed/8.2.0/rv32imac/ilp32\libgcc.a(fixdfsi.o)
                              ./my/pid.o (__fixdfsi)
e:/learning/mecanum_wheel/mounriver_studio/toolchain/risc-v embedded gcc/bin/../lib/gcc/riscv-none-embed/8.2.0/rv32imac/ilp32\libgcc.a(fixunsdfsi.o)
                              ./my/adc.o (__fixunsdfsi)
e:/learning/mecanum_wheel/mounriver_studio/toolchain/risc-v embedded gcc/bin/../lib/gcc/riscv-none-embed/8.2.0/rv32imac/ilp32\libgcc.a(floatsidf.o)
                              ./my/adc.o (__floatsidf)
e:/learning/mecanum_wheel/mounriver_studio/toolchain/risc-v embedded gcc/bin/../lib/gcc/riscv-none-embed/8.2.0/rv32imac/ilp32\libgcc.a(addsf3.o)
                              ./my/findline.o (__addsf3)
e:/learning/mecanum_wheel/mounriver_studio/toolchain/risc-v embedded gcc/bin/../lib/gcc/riscv-none-embed/8.2.0/rv32imac/ilp32\libgcc.a(divsf3.o)
                              ./my/encoder.o (__divsf3)
e:/learning/mecanum_wheel/mounriver_studio/toolchain/risc-v embedded gcc/bin/../lib/gcc/riscv-none-embed/8.2.0/rv32imac/ilp32\libgcc.a(eqsf2.o)
                              ./my/findline.o (__eqsf2)
e:/learning/mecanum_wheel/mounriver_studio/toolchain/risc-v embedded gcc/bin/../lib/gcc/riscv-none-embed/8.2.0/rv32imac/ilp32\libgcc.a(gesf2.o)
                              ./my/findline.o (__gtsf2)
e:/learning/mecanum_wheel/mounriver_studio/toolchain/risc-v embedded gcc/bin/../lib/gcc/riscv-none-embed/8.2.0/rv32imac/ilp32\libgcc.a(lesf2.o)
                              ./USER/fuzzy.o (__lesf2)
e:/learning/mecanum_wheel/mounriver_studio/toolchain/risc-v embedded gcc/bin/../lib/gcc/riscv-none-embed/8.2.0/rv32imac/ilp32\libgcc.a(mulsf3.o)
                              ./my/encoder.o (__mulsf3)
e:/learning/mecanum_wheel/mounriver_studio/toolchain/risc-v embedded gcc/bin/../lib/gcc/riscv-none-embed/8.2.0/rv32imac/ilp32\libgcc.a(subsf3.o)
                              ./my/findline.o (__subsf3)
e:/learning/mecanum_wheel/mounriver_studio/toolchain/risc-v embedded gcc/bin/../lib/gcc/riscv-none-embed/8.2.0/rv32imac/ilp32\libgcc.a(fixsfsi.o)
                              ./my/encoder.o (__fixsfsi)
e:/learning/mecanum_wheel/mounriver_studio/toolchain/risc-v embedded gcc/bin/../lib/gcc/riscv-none-embed/8.2.0/rv32imac/ilp32\libgcc.a(floatsisf.o)
                              ./my/encoder.o (__floatsisf)
e:/learning/mecanum_wheel/mounriver_studio/toolchain/risc-v embedded gcc/bin/../lib/gcc/riscv-none-embed/8.2.0/rv32imac/ilp32\libgcc.a(floatunsisf.o)
                              ./my/imag.o (__floatunsisf)
e:/learning/mecanum_wheel/mounriver_studio/toolchain/risc-v embedded gcc/bin/../lib/gcc/riscv-none-embed/8.2.0/rv32imac/ilp32\libgcc.a(extendsfdf2.o)
                              ./my/menu.o (__extendsfdf2)
e:/learning/mecanum_wheel/mounriver_studio/toolchain/risc-v embedded gcc/bin/../lib/gcc/riscv-none-embed/8.2.0/rv32imac/ilp32\libgcc.a(truncdfsf2.o)
                              ./my/pid.o (__truncdfsf2)
e:/learning/mecanum_wheel/mounriver_studio/toolchain/risc-v embedded gcc/bin/../lib/gcc/riscv-none-embed/8.2.0/rv32imac/ilp32\libgcc.a(_clzsi2.o)
                              e:/learning/mecanum_wheel/mounriver_studio/toolchain/risc-v embedded gcc/bin/../lib/gcc/riscv-none-embed/8.2.0/rv32imac/ilp32\libgcc.a(adddf3.o) (__clzsi2)
e:/learning/mecanum_wheel/mounriver_studio/toolchain/risc-v embedded gcc/bin/../lib/gcc/riscv-none-embed/8.2.0/rv32imac/ilp32\libgcc.a(_clz.o)
                              e:/learning/mecanum_wheel/mounriver_studio/toolchain/risc-v embedded gcc/bin/../lib/gcc/riscv-none-embed/8.2.0/rv32imac/ilp32\libgcc.a(_clzsi2.o) (__clz_tab)
[...]
Memory Configuration

Name             Origin             Length             Attributes
FLASH            0x0000000000000000 0x0000000000010000 xr
RAM              0x0000000020000000 0x0000000000005000 xrw
*default*        0x0000000000000000 0xffffffffffffffff

Linker script and memory map

LOAD ./my/adc.o
LOAD ./my/base.o
LOAD ./my/beep.o
LOAD ./my/encoder.o
LOAD ./my/findline.o
LOAD ./my/imag.o
LOAD ./my/include.o
LOAD ./my/key.o
LOAD ./my/menu.o
LOAD ./my/motor.o
LOAD ./my/my_imagetransfer.o
LOAD ./my/pid.o
LOAD ./USER/fuzzy.o
LOAD ./USER/isr.o
LOAD ./USER/main.o
LOAD ./USER/run.o
LOAD ./Libraries/wch_libraries/Startup/startup_ch32v10x.o
LOAD ./Libraries/wch_libraries/Peripheral/ch32v10x_adc.o
LOAD ./Libraries/wch_libraries/Peripheral/ch32v10x_bkp.o
LOAD ./Libraries/wch_libraries/Peripheral/ch32v10x_crc.o
LOAD ./Libraries/wch_libraries/Peripheral/ch32v10x_dbgmcu.o
LOAD ./Libraries/wch_libraries/Peripheral/ch32v10x_dma.o
LOAD ./Libraries/wch_libraries/Peripheral/ch32v10x_exti.o
LOAD ./Libraries/wch_libraries/Peripheral/ch32v10x_flash.o
LOAD ./Libraries/wch_libraries/Peripheral/ch32v10x_gpio.o
LOAD ./Libraries/wch_libraries/Peripheral/ch32v10x_i2c.o
LOAD ./Libraries/wch_libraries/Peripheral/ch32v10x_iwdg.o
LOAD ./Libraries/wch_libraries/Peripheral/ch32v10x_misc.o
LOAD ./Libraries/wch_libraries/Peripheral/ch32v10x_pwr.o
LOAD ./Libraries/wch_libraries/Peripheral/ch32v10x_rcc.o
LOAD ./Libraries/wch_libraries/Peripheral/ch32v10x_rtc.o
LOAD ./Libraries/wch_libraries/Peripheral/ch32v10x_spi.o
LOAD ./Libraries/wch_libraries/Peripheral/ch32v10x_tim.o
LOAD ./Libraries/wch_libraries/Peripheral/ch32v10x_usart.o
LOAD ./Libraries/wch_libraries/Peripheral/ch32v10x_usb.o
LOAD ./Libraries/wch_libraries/Peripheral/ch32v10x_usb_host.o
LOAD ./Libraries/wch_libraries/Peripheral/ch32v10x_wwdg.o
LOAD ./Libraries/wch_libraries/Core/core_riscv.o
LOAD ./Libraries/seekfree_peripheral/SEEKFREE_ABSOLUTE_ENCODER.o
LOAD ./Libraries/seekfree_peripheral/SEEKFREE_FONT.o
LOAD ./Libraries/seekfree_peripheral/SEEKFREE_ICM20602.o
LOAD ./Libraries/seekfree_peripheral/SEEKFREE_IIC.o
LOAD ./Libraries/seekfree_peripheral/SEEKFREE_MT9V03X.o
LOAD ./Libraries/seekfree_peripheral/SEEKFREE_OLED.o
LOAD ./Libraries/seekfree_peripheral/SEEKFREE_PRINTF.o
LOAD ./Libraries/seekfree_peripheral/SEEKFREE_TSL1401.o
LOAD ./Libraries/seekfree_peripheral/SEEKFREE_UART_7725.o
LOAD ./Libraries/seekfree_peripheral/SEEKFREE_WIRELESS.o
LOAD ./Libraries/seekfree_libraries/common.o
LOAD ./Libraries/seekfree_libraries/misc.o
LOAD ./Libraries/seekfree_libraries/zf_adc.o
LOAD ./Libraries/seekfree_libraries/zf_camera.o
LOAD ./Libraries/seekfree_libraries/zf_flash.o
LOAD ./Libraries/seekfree_libraries/zf_gpio.o
LOAD ./Libraries/seekfree_libraries/zf_nvic.o
LOAD ./Libraries/seekfree_libraries/zf_pit.o
LOAD ./Libraries/seekfree_libraries/zf_pwm.o
LOAD ./Libraries/seekfree_libraries/zf_qtimer.o
LOAD ./Libraries/seekfree_libraries/zf_spi.o
LOAD ./Libraries/seekfree_libraries/zf_systick.o
LOAD ./Libraries/seekfree_libraries/zf_uart.o
LOAD ./Libraries/board/board.o
LOAD ./Libraries/board/clock_config.o
LOAD e:/learning/mecanum_wheel/mounriver_studio/toolchain/risc-v embedded gcc/bin/../lib/gcc/riscv-none-embed/8.2.0/../../../../riscv-none-embed/lib/rv32imac/ilp32\libm.a
LOAD e:/learning/mecanum_wheel/mounriver_studio/toolchain/risc-v embedded gcc/bin/../lib/gcc/riscv-none-embed/8.2.0/rv32imac/ilp32\libgcc.a
LOAD e:/learning/mecanum_wheel/mounriver_studio/toolchain/risc-v embedded gcc/bin/../lib/gcc/riscv-none-embed/8.2.0/../../../../riscv-none-embed/lib/rv32imac/ilp32\libg_nano.a
LOAD e:/learning/mecanum_wheel/mounriver_studio/toolchain/risc-v embedded gcc/bin/../lib/gcc/riscv-none-embed/8.2.0/../../../../riscv-none-embed/lib/rv32imac/ilp32\libc_nano.a
LOAD e:/learning/mecanum_wheel/mounriver_studio/toolchain/risc-v embedded gcc/bin/../lib/gcc/riscv-none-embed/8.2.0/rv32imac/ilp32\libgcc.a
START GROUP
LOAD e:/learning/mecanum_wheel/mounriver_studio/toolchain/risc-v embedded gcc/bin/../lib/gcc/riscv-none-embed/8.2.0/rv32imac/ilp32\libgcc.a
LOAD e:/learning/mecanum_wheel/mounriver_studio/toolchain/risc-v embedded gcc/bin/../lib/gcc/riscv-none-embed/8.2.0/../../../../riscv-none-embed/lib/rv32imac/ilp32\libc_nano.a
LOAD e:/learning/mecanum_wheel/mounriver_studio/toolchain/risc-v embedded gcc/bin/../lib/gcc/riscv-none-embed/8.2.0/../../../../riscv-none-embed/lib/rv32imac/ilp32\libnosys.a
END GROUP
START GROUP
LOAD e:/learning/mecanum_wheel/mounriver_studio/toolchain/risc-v embedded gcc/bin/../lib/gcc/riscv-none-embed/8.2.0/rv32imac/ilp32\libgcc.a
LOAD e:/learning/mecanum_wheel/mounriver_studio/toolchain/risc-v embedded gcc/bin/../lib/gcc/riscv-none-embed/8.2.0/../../../../riscv-none-embed/lib/rv32imac/ilp32\libc_nano.a
LOAD e:/learning/mecanum_wheel/mounriver_studio/toolchain/risc-v embedded gcc/bin/../lib/gcc/riscv-none-embed/8.2.0/../../../../riscv-none-embed/lib/rv32imac/ilp32\libnosys.a
END GROUP
                0x0000000000000800                __stack_size = 0x800
                [!provide]                        PROVIDE (_stack_size = __stack_size)

.init           0x0000000000000000       0x38
                0x0000000000000000                _sinit = .
                0x0000000000000000                . = ALIGN (0x4)
 *(SORT_NONE(.init))
 .init          0x0000000000000000       0x38 ./Libraries/wch_libraries/Startup/startup_ch32v10x.o
                0x0000000000000000                _start
                0x0000000000000038                . = ALIGN (0x4)
                0x0000000000000038                _einit = .

.vector         0x0000000000000038      0x108
 *(.vector)
 .vector        0x0000000000000038       0xf0 ./Libraries/wch_libraries/Startup/startup_ch32v10x.o
                0x0000000000000140                . = ALIGN (0x40)
 *fill*         0x0000000000000128       0x18 

.text           0x0000000000000140     0xce4c
                0x0000000000000140                . = ALIGN (0x4)
 *(.text)
 .text          0x0000000000000140       0xa8 e:/learning/mecanum_wheel/mounriver_studio/toolchain/risc-v embedded gcc/bin/../lib/gcc/riscv-none-embed/8.2.0/../../../../riscv-none-embed/lib/rv32imac/ilp32\libg_nano.a(lib_a-memset.o)
                0x0000000000000140                memset
 *(.text.*)
 .text.MyDelay  0x00000000000001e8       0x36 ./my/base.o
                0x00000000000001e8                MyDelay
 .text.Limit_Int16
                0x000000000000021e       0x20 ./my/base.o
                0x000000000000021e                Limit_Int16
 .text.Enc_Init
                0x000000000000023e       0x2e ./my/encoder.o
                0x000000000000023e                Enc_Init
 .text.ReadSpeed
                0x000000000000026c      0x114 ./my/encoder.o
                0x000000000000026c                ReadSpeed
 .text.set_angle_line.part.3
                0x0000000000000380        0xe ./my/findline.o
 .text.regression
                0x000000000000038e      0x146 ./my/findline.o
                0x000000000000038e                regression
 .text.deviation
                0x00000000000004d4      0x104 ./my/findline.o
                0x00000000000004d4                deviation
 .text.L_Start_Scan
                0x00000000000005d8       0xc8 ./my/findline.o
                0x00000000000005d8                L_Start_Scan
 .text.R_Start_Scan
                0x00000000000006a0       0xaa ./my/findline.o
                0x00000000000006a0                R_Start_Scan
 .text.R_Edge_Scan
                0x000000000000074a      0x1ac ./my/findline.o
                0x000000000000074a                R_Edge_Scan
 .text.L_Edge_Scan
                0x00000000000008f6      0x1ae ./my/findline.o
                0x00000000000008f6                L_Edge_Scan
 .text.line_rescan.part.0
                0x0000000000000aa4       0x32 ./my/findline.o
 .text.Center_Scan
                0x0000000000000ad6      0x15e ./my/findline.o
                0x0000000000000ad6                Center_Scan
 .text.line_rescan
                0x0000000000000c34       0x70 ./my/findline.o
                0x0000000000000c34                line_rescan
 .text.conv1    0x0000000000000ca4      0x67e ./my/findline.o
                0x0000000000000ca4                conv1
 .text.scan_high
                0x0000000000001322       0x56 ./my/findline.o
                0x0000000000001322                scan_high
 .text.cross2   0x0000000000001378      0xeb4 ./my/findline.o
                0x0000000000001378                cross2
 .text.find_point
                0x000000000000222c      0x26a ./my/findline.o
                0x000000000000222c                find_point
 .text.sancha   0x0000000000002496      0xafe ./my/findline.o
                0x0000000000002496                sancha
 .text.find_p   0x0000000000002f94      0x16a ./my/findline.o
                0x0000000000002f94                find_p
 .text.ruku     0x00000000000030fe      0x5f6 ./my/findline.o
                0x00000000000030fe                ruku
 .text.get_angle_line
                0x00000000000036f4       0xda ./my/findline.o
                0x00000000000036f4                get_angle_line
 .text.FieldProcess
                0x00000000000037ce       0xf6 ./my/findline.o
                0x00000000000037ce                FieldProcess
 .text.SignalProcess
                0x00000000000038c4      0x416 ./my/findline.o
                0x00000000000038c4                SignalProcess
 .text.otsuTh   0x0000000000003cda      0x222 ./my/imag.o
                0x0000000000003cda                otsuTh
 .text.Pixels_get
                0x0000000000003efc       0x62 ./my/imag.o
                0x0000000000003efc                Pixels_get
 .text.DisplayImage_WithOLED
                0x0000000000003f5e       0x62 ./my/imag.o
                0x0000000000003f5e                DisplayImage_WithOLED
 .text.Init_AllData
                0x0000000000003fc0       0xc8 ./my/include.o
                0x0000000000003fc0                Init_AllData
 .text.Key_Init
                0x0000000000004088       0x54 ./my/key.o
                0x0000000000004088                Key_Init
 .text.Key_Down
                0x00000000000040dc       0x9a ./my/key.o
                0x00000000000040dc                Key_Down
 .text.change_ptr1
                0x0000000000004176       0xca ./my/menu.o
                0x0000000000004176                change_ptr1
 .text.print_arry
                0x0000000000004240       0x7c ./my/menu.o
                0x0000000000004240                print_arry
 .text.menu     0x00000000000042bc      0x2d8 ./my/menu.o
                0x00000000000042bc                menu
 .text.Steer_Init
                0x0000000000004594        0xa ./my/motor.o
                0x0000000000004594                Steer_Init
 .text.MoterFTM_Init
                0x000000000000459e       0x7c ./my/motor.o
                0x000000000000459e                MoterFTM_Init
 .text.PWMOut   0x000000000000461a       0xda ./my/motor.o
                0x000000000000461a                PWMOut
 .text.Servo    0x00000000000046f4       0x2c ./my/motor.o
                0x00000000000046f4                Servo
 .text.DirCal   0x0000000000004720      0x136 ./my/pid.o
                0x0000000000004720                DirCal
 .text.PID_MotorCal2
                0x0000000000004856      0x164 ./my/pid.o
                0x0000000000004856                PID_MotorCal2
 .text.Pid_MotorInit
                0x00000000000049ba       0x18 ./my/pid.o
                0x00000000000049ba                Pid_MotorInit
 .text.SetSpeed
                0x00000000000049d2       0xce ./my/pid.o
                0x00000000000049d2                SetSpeed
 .text.Pid_ZInit
                0x0000000000004aa0       0x10 ./my/pid.o
                0x0000000000004aa0                Pid_ZInit
 .text.PID_MotorControl
                0x0000000000004ab0      0x218 ./my/pid.o
                0x0000000000004ab0                PID_MotorControl
 .text.EXTI0_IRQHandler
                0x0000000000004cc8        0x4 ./USER/isr.o
                0x0000000000004cc8                EXTI0_IRQHandler
 .text.EXTI1_IRQHandler
                0x0000000000004ccc       0x1e ./USER/isr.o
                0x0000000000004ccc                EXTI1_IRQHandler
 .text.EXTI2_IRQHandler
                0x0000000000004cea        0xa ./USER/isr.o
                0x0000000000004cea                EXTI2_IRQHandler
 .text.EXTI3_IRQHandler
                0x0000000000004cf4        0x4 ./USER/isr.o
                0x0000000000004cf4                EXTI3_IRQHandler
 .text.EXTI4_IRQHandler
                0x0000000000004cf8        0x4 ./USER/isr.o
                0x0000000000004cf8                EXTI4_IRQHandler
 .text.EXTI9_5_IRQHandler
                0x0000000000004cfc        0x4 ./USER/isr.o
                0x0000000000004cfc                EXTI9_5_IRQHandler
 .text.EXTI15_10_IRQHandler
                0x0000000000004d00        0x4 ./USER/isr.o
                0x0000000000004d00                EXTI15_10_IRQHandler
 .text.ADC1_2_IRQHandler
                0x0000000000004d04        0x4 ./USER/isr.o
                0x0000000000004d04                ADC1_2_IRQHandler
 .text.TIM1_BRK_IRQHandler
                0x0000000000004d08       0x40 ./USER/isr.o
                0x0000000000004d08                TIM1_BRK_IRQHandler
 .text.TIM1_UP_IRQHandler
                0x0000000000004d48       0x30 ./USER/isr.o
                0x0000000000004d48                TIM1_UP_IRQHandler
 .text.TIM1_TRG_COM_IRQHandler
                0x0000000000004d78       0x62 ./USER/isr.o
                0x0000000000004d78                TIM1_TRG_COM_IRQHandler
 .text.TIM1_CC_IRQHandler
                0x0000000000004dda       0xac ./USER/isr.o
                0x0000000000004dda                TIM1_CC_IRQHandler
 .text.TIM2_IRQHandler
                0x0000000000004e86       0x1e ./USER/isr.o
                0x0000000000004e86                TIM2_IRQHandler
 .text.TIM3_IRQHandler
                0x0000000000004ea4       0xd2 ./USER/isr.o
                0x0000000000004ea4                TIM3_IRQHandler
 .text.TIM4_IRQHandler
                0x0000000000004f76       0x2e ./USER/isr.o
                0x0000000000004f76                TIM4_IRQHandler
 .text.USART1_IRQHandler
                0x0000000000004fa4        0x4 ./USER/isr.o
                0x0000000000004fa4                USART1_IRQHandler
 .text.USART2_IRQHandler
                0x0000000000004fa8       0x36 ./USER/isr.o
                0x0000000000004fa8                USART2_IRQHandler
 .text.USART3_IRQHandler
                0x0000000000004fde        0x4 ./USER/isr.o
                0x0000000000004fde                USART3_IRQHandler
 .text.DMA1_Channel4_IRQHandler
                0x0000000000004fe2       0x1e ./USER/isr.o
                0x0000000000004fe2                DMA1_Channel4_IRQHandler
 .text.NMI_Handler
                0x0000000000005000        0x4 ./USER/isr.o
                0x0000000000005000                NMI_Handler
 .text.HardFault_Handler
                0x0000000000005004        0x2 ./USER/isr.o
                0x0000000000005004                HardFault_Handler
 .text.startup.main
                0x0000000000005006       0x68 ./USER/main.o
                0x0000000000005006                main
 .text.speedrevise
                0x000000000000506e       0xbe ./USER/run.o
                0x000000000000506e                speedrevise
 .text.AngleErrGet
                0x000000000000512c       0xfa ./USER/run.o
                0x000000000000512c                AngleErrGet
 .text.Run      0x0000000000005226      0x26a ./USER/run.o
                0x0000000000005226                Run
 .text.handle_reset
                0x0000000000005490       0x7e ./Libraries/wch_libraries/Startup/startup_ch32v10x.o
                0x0000000000005490                handle_reset
 .text.DMA_DeInit
                0x000000000000550e      0x124 ./Libraries/wch_libraries/Peripheral/ch32v10x_dma.o
                0x000000000000550e                DMA_DeInit
 .text.DMA_Init
                0x0000000000005632       0x40 ./Libraries/wch_libraries/Peripheral/ch32v10x_dma.o
                0x0000000000005632                DMA_Init
 .text.DMA_Cmd  0x0000000000005672       0x16 ./Libraries/wch_libraries/Peripheral/ch32v10x_dma.o
                0x0000000000005672                DMA_Cmd
 .text.DMA_ITConfig
                0x0000000000005688       0x14 ./Libraries/wch_libraries/Peripheral/ch32v10x_dma.o
                0x0000000000005688                DMA_ITConfig
 .text.DMA_GetFlagStatus
                0x000000000000569c       0x26 ./Libraries/wch_libraries/Peripheral/ch32v10x_dma.o
                0x000000000000569c                DMA_GetFlagStatus
 .text.DMA_ClearFlag
                0x00000000000056c2       0x1a ./Libraries/wch_libraries/Peripheral/ch32v10x_dma.o
                0x00000000000056c2                DMA_ClearFlag
 .text.EXTI_Init
                0x00000000000056dc       0x6e ./Libraries/wch_libraries/Peripheral/ch32v10x_exti.o
                0x00000000000056dc                EXTI_Init
 .text.EXTI_GetITStatus
                0x000000000000574a       0x1e ./Libraries/wch_libraries/Peripheral/ch32v10x_exti.o
                0x000000000000574a                EXTI_GetITStatus
 .text.EXTI_ClearITPendingBit
                0x0000000000005768        0xa ./Libraries/wch_libraries/Peripheral/ch32v10x_exti.o
                0x0000000000005768                EXTI_ClearITPendingBit
 .text.GPIO_Init
                0x0000000000005772       0xd4 ./Libraries/wch_libraries/Peripheral/ch32v10x_gpio.o
                0x0000000000005772                GPIO_Init
 .text.GPIO_WriteBit
                0x0000000000005846        0xa ./Libraries/wch_libraries/Peripheral/ch32v10x_gpio.o
                0x0000000000005846                GPIO_WriteBit
 .text.GPIO_PinRemapConfig
                0x0000000000005850       0xa0 ./Libraries/wch_libraries/Peripheral/ch32v10x_gpio.o
                0x0000000000005850                GPIO_PinRemapConfig
 .text.GPIO_EXTILineConfig
                0x00000000000058f0       0x2a ./Libraries/wch_libraries/Peripheral/ch32v10x_gpio.o
                0x00000000000058f0                GPIO_EXTILineConfig
 .text.NVIC_Init
                0x000000000000591a       0x8a ./Libraries/wch_libraries/Peripheral/ch32v10x_misc.o
                0x000000000000591a                NVIC_Init
 .text.RCC_GetClocksFreq
                0x00000000000059a4       0xb6 ./Libraries/wch_libraries/Peripheral/ch32v10x_rcc.o
                0x00000000000059a4                RCC_GetClocksFreq
 .text.RCC_AHBPeriphClockCmd
                0x0000000000005a5a       0x1e ./Libraries/wch_libraries/Peripheral/ch32v10x_rcc.o
                0x0000000000005a5a                RCC_AHBPeriphClockCmd
 .text.RCC_APB2PeriphClockCmd
                0x0000000000005a78       0x1e ./Libraries/wch_libraries/Peripheral/ch32v10x_rcc.o
                0x0000000000005a78                RCC_APB2PeriphClockCmd
 .text.RCC_APB1PeriphClockCmd
                0x0000000000005a96       0x1e ./Libraries/wch_libraries/Peripheral/ch32v10x_rcc.o
                0x0000000000005a96                RCC_APB1PeriphClockCmd
 .text.SPI_Init
                0x0000000000005ab4       0x5e ./Libraries/wch_libraries/Peripheral/ch32v10x_spi.o
                0x0000000000005ab4                SPI_Init
 .text.SPI_Cmd  0x0000000000005b12       0x22 ./Libraries/wch_libraries/Peripheral/ch32v10x_spi.o
                0x0000000000005b12                SPI_Cmd
 .text.TIM_TimeBaseInit
                0x0000000000005b34       0x8e ./Libraries/wch_libraries/Peripheral/ch32v10x_tim.o
                0x0000000000005b34                TIM_TimeBaseInit
 .text.TIM_OC1Init
                0x0000000000005bc2       0xa6 ./Libraries/wch_libraries/Peripheral/ch32v10x_tim.o
                0x0000000000005bc2                TIM_OC1Init
 .text.TIM_OC2Init
                0x0000000000005c68       0xd2 ./Libraries/wch_libraries/Peripheral/ch32v10x_tim.o
                0x0000000000005c68                TIM_OC2Init
 .text.TIM_OC3Init
                0x0000000000005d3a       0xd0 ./Libraries/wch_libraries/Peripheral/ch32v10x_tim.o
                0x0000000000005d3a                TIM_OC3Init
 .text.TIM_OC4Init
                0x0000000000005e0a       0x9e ./Libraries/wch_libraries/Peripheral/ch32v10x_tim.o
                0x0000000000005e0a                TIM_OC4Init
 .text.TIM_Cmd  0x0000000000005ea8       0x20 ./Libraries/wch_libraries/Peripheral/ch32v10x_tim.o
                0x0000000000005ea8                TIM_Cmd
 .text.TIM_CtrlPWMOutputs
                0x0000000000005ec8       0x1a ./Libraries/wch_libraries/Peripheral/ch32v10x_tim.o
                0x0000000000005ec8                TIM_CtrlPWMOutputs
 .text.TIM_ITConfig
                0x0000000000005ee2       0x1a ./Libraries/wch_libraries/Peripheral/ch32v10x_tim.o
                0x0000000000005ee2                TIM_ITConfig
 .text.TIM_DMACmd
                0x0000000000005efc        0x4 ./Libraries/wch_libraries/Peripheral/ch32v10x_tim.o
                0x0000000000005efc                TIM_DMACmd
 .text.TIM_ETRClockMode1Config
                0x0000000000005f00       0x2e ./Libraries/wch_libraries/Peripheral/ch32v10x_tim.o
                0x0000000000005f00                TIM_ETRClockMode1Config
 .text.TIM_SelectInputTrigger
                0x0000000000005f2e       0x14 ./Libraries/wch_libraries/Peripheral/ch32v10x_tim.o
                0x0000000000005f2e                TIM_SelectInputTrigger
 .text.TIM_OC1PreloadConfig
                0x0000000000005f42       0x12 ./Libraries/wch_libraries/Peripheral/ch32v10x_tim.o
                0x0000000000005f42                TIM_OC1PreloadConfig
 .text.TIM_OC2PreloadConfig
                0x0000000000005f54       0x1a ./Libraries/wch_libraries/Peripheral/ch32v10x_tim.o
                0x0000000000005f54                TIM_OC2PreloadConfig
 .text.TIM_OC3PreloadConfig
                0x0000000000005f6e       0x12 ./Libraries/wch_libraries/Peripheral/ch32v10x_tim.o
                0x0000000000005f6e                TIM_OC3PreloadConfig
 .text.TIM_OC4PreloadConfig
                0x0000000000005f80       0x1a ./Libraries/wch_libraries/Peripheral/ch32v10x_tim.o
                0x0000000000005f80                TIM_OC4PreloadConfig
 .text.TIM_OC1FastConfig
                0x0000000000005f9a       0x12 ./Libraries/wch_libraries/Peripheral/ch32v10x_tim.o
                0x0000000000005f9a                TIM_OC1FastConfig
 .text.TIM_OC2FastConfig
                0x0000000000005fac       0x1a ./Libraries/wch_libraries/Peripheral/ch32v10x_tim.o
                0x0000000000005fac                TIM_OC2FastConfig
 .text.TIM_OC3FastConfig
                0x0000000000005fc6       0x12 ./Libraries/wch_libraries/Peripheral/ch32v10x_tim.o
                0x0000000000005fc6                TIM_OC3FastConfig
 .text.TIM_OC4FastConfig
                0x0000000000005fd8       0x1a ./Libraries/wch_libraries/Peripheral/ch32v10x_tim.o
                0x0000000000005fd8                TIM_OC4FastConfig
 .text.TIM_SelectSlaveMode
                0x0000000000005ff2       0x1e ./Libraries/wch_libraries/Peripheral/ch32v10x_tim.o
                0x0000000000005ff2                TIM_SelectSlaveMode
 .text.TIM_SelectMasterSlaveMode
                0x0000000000006010       0x20 ./Libraries/wch_libraries/Peripheral/ch32v10x_tim.o
                0x0000000000006010                TIM_SelectMasterSlaveMode
 .text.TIM_GetITStatus
                0x0000000000006030       0x1c ./Libraries/wch_libraries/Peripheral/ch32v10x_tim.o
                0x0000000000006030                TIM_GetITStatus
 .text.TIM_ClearITPendingBit
                0x000000000000604c        0xe ./Libraries/wch_libraries/Peripheral/ch32v10x_tim.o
                0x000000000000604c                TIM_ClearITPendingBit
 .text.USART_Init
                0x000000000000605a      0x10c ./Libraries/wch_libraries/Peripheral/ch32v10x_usart.o
                0x000000000000605a                USART_Init
 .text.USART_Cmd
                0x0000000000006166       0x20 ./Libraries/wch_libraries/Peripheral/ch32v10x_usart.o
                0x0000000000006166                USART_Cmd
 .text.USART_ITConfig
                0x0000000000006186       0x3c ./Libraries/wch_libraries/Peripheral/ch32v10x_usart.o
                0x0000000000006186                USART_ITConfig
 .text.USART_SendData
                0x00000000000061c2        0xa ./Libraries/wch_libraries/Peripheral/ch32v10x_usart.o
                0x00000000000061c2                USART_SendData
 .text.USART_GetFlagStatus
                0x00000000000061cc        0xc ./Libraries/wch_libraries/Peripheral/ch32v10x_usart.o
                0x00000000000061cc                USART_GetFlagStatus
 .text.USART_GetITStatus
                0x00000000000061d8       0x48 ./Libraries/wch_libraries/Peripheral/ch32v10x_usart.o
                0x00000000000061d8                USART_GetITStatus
 .text.USART_ClearITPendingBit
                0x0000000000006220       0x16 ./Libraries/wch_libraries/Peripheral/ch32v10x_usart.o
                0x0000000000006220                USART_ClearITPendingBit
 .text.encoder_spi_w_reg_byte
                0x0000000000006236       0xb6 ./Libraries/seekfree_peripheral/SEEKFREE_ABSOLUTE_ENCODER.o
                0x0000000000006236                encoder_spi_w_reg_byte
 .text.encoder_spi_r_reg_byte
                0x00000000000062ec       0xa4 ./Libraries/seekfree_peripheral/SEEKFREE_ABSOLUTE_ENCODER.o
                0x00000000000062ec                encoder_spi_r_reg_byte
 .text.set_zero_position_spi
                0x0000000000006390       0x38 ./Libraries/seekfree_peripheral/SEEKFREE_ABSOLUTE_ENCODER.o
                0x0000000000006390                set_zero_position_spi
 .text.encoder1_speed_spi
                0x00000000000063c8       0x9a ./Libraries/seekfree_peripheral/SEEKFREE_ABSOLUTE_ENCODER.o
                0x00000000000063c8                encoder1_speed_spi
 .text.encoder2_speed_spi
                0x0000000000006462       0x9a ./Libraries/seekfree_peripheral/SEEKFREE_ABSOLUTE_ENCODER.o
                0x0000000000006462                encoder2_speed_spi
 .text.encoder3_speed_spi
                0x00000000000064fc       0x9a ./Libraries/seekfree_peripheral/SEEKFREE_ABSOLUTE_ENCODER.o
                0x00000000000064fc                encoder3_speed_spi
 .text.encoder4_speed_spi
                0x0000000000006596       0x9a ./Libraries/seekfree_peripheral/SEEKFREE_ABSOLUTE_ENCODER.o
                0x0000000000006596                encoder4_speed_spi
 .text.encoder_self5_check
                0x0000000000006630       0x4e ./Libraries/seekfree_peripheral/SEEKFREE_ABSOLUTE_ENCODER.o
                0x0000000000006630                encoder_self5_check
 .text.encoder_init_spi
                0x000000000000667e       0x7e ./Libraries/seekfree_peripheral/SEEKFREE_ABSOLUTE_ENCODER.o
                0x000000000000667e                encoder_init_spi
 .text.get_icm20602_gyro_spi
                0x00000000000066fc       0x46 ./Libraries/seekfree_peripheral/SEEKFREE_ICM20602.o
                0x00000000000066fc                get_icm20602_gyro_spi
 .text.mt9v03x_uart_callback
                0x0000000000006742       0x50 ./Libraries/seekfree_peripheral/SEEKFREE_MT9V03X.o
                0x0000000000006742                mt9v03x_uart_callback
 .text.set_config
                0x0000000000006792       0xa2 ./Libraries/seekfree_peripheral/SEEKFREE_MT9V03X.o
                0x0000000000006792                set_config
 .text.get_config
                0x0000000000006834       0x7a ./Libraries/seekfree_peripheral/SEEKFREE_MT9V03X.o
                0x0000000000006834                get_config
 .text.mt9v03x_vsync_init
                0x00000000000068ae       0x20 ./Libraries/seekfree_peripheral/SEEKFREE_MT9V03X.o
                0x00000000000068ae                mt9v03x_vsync_init
 .text.mt9v03x_dma_init
                0x00000000000068ce       0x52 ./Libraries/seekfree_peripheral/SEEKFREE_MT9V03X.o
                0x00000000000068ce                mt9v03x_dma_init
 .text.mt9v03x_init
                0x0000000000006920       0x8a ./Libraries/seekfree_peripheral/SEEKFREE_MT9V03X.o
                0x0000000000006920                mt9v03x_init
 .text.mt9v03x_vsync
                0x00000000000069aa       0x16 ./Libraries/seekfree_peripheral/SEEKFREE_MT9V03X.o
                0x00000000000069aa                mt9v03x_vsync
 .text.mt9v03x_dma
                0x00000000000069c0       0x16 ./Libraries/seekfree_peripheral/SEEKFREE_MT9V03X.o
                0x00000000000069c0                mt9v03x_dma
 .text.oled_wrdat
                0x00000000000069d6       0x64 ./Libraries/seekfree_peripheral/SEEKFREE_OLED.o
                0x00000000000069d6                oled_wrdat
 .text.oled_wrcmd
                0x0000000000006a3a       0x64 ./Libraries/seekfree_peripheral/SEEKFREE_OLED.o
                0x0000000000006a3a                oled_wrcmd
 .text.oled_set_pos
                0x0000000000006a9e       0x7a ./Libraries/seekfree_peripheral/SEEKFREE_OLED.o
                0x0000000000006a9e                oled_set_pos
 .text.oled_fill
                0x0000000000006b18       0x4e ./Libraries/seekfree_peripheral/SEEKFREE_OLED.o
                0x0000000000006b18                oled_fill
 .text.oled_init
                0x0000000000006b66      0x170 ./Libraries/seekfree_peripheral/SEEKFREE_OLED.o
                0x0000000000006b66                oled_init
 .text.oled_p6x8str
                0x0000000000006cd6       0x9e ./Libraries/seekfree_peripheral/SEEKFREE_OLED.o
                0x0000000000006cd6                oled_p6x8str
 .text.oled_printf_float
                0x0000000000006d74      0x150 ./Libraries/seekfree_peripheral/SEEKFREE_OLED.o
                0x0000000000006d74                oled_printf_float
 .text.oled_dis_bmp
                0x0000000000006ec4      0x2b4 ./Libraries/seekfree_peripheral/SEEKFREE_OLED.o
                0x0000000000006ec4                oled_dis_bmp
 .text.myputs   0x0000000000007178       0x40 ./Libraries/seekfree_peripheral/SEEKFREE_OLED.o
                0x0000000000007178                myputs
 .text.number_conversion_ascii.part.0
                0x00000000000071b8       0x42 ./Libraries/seekfree_peripheral/SEEKFREE_PRINTF.o
 .text.zf_sprintf
                0x00000000000071fa      0x4a8 ./Libraries/seekfree_peripheral/SEEKFREE_PRINTF.o
                0x00000000000071fa                zf_sprintf
 .text.camera_dma_init
                0x00000000000076a2       0xd8 ./Libraries/seekfree_libraries/zf_camera.o
                0x00000000000076a2                camera_dma_init
 .text.camera_tim_etr_init
                0x000000000000777a       0xc2 ./Libraries/seekfree_libraries/zf_camera.o
                0x000000000000777a                camera_tim_etr_init
 .text.gpio_init
                0x000000000000783c      0x10a ./Libraries/seekfree_libraries/zf_gpio.o
                0x000000000000783c                gpio_init
 .text.gpio_set
                0x0000000000007946       0x24 ./Libraries/seekfree_libraries/zf_gpio.o
                0x0000000000007946                gpio_set
 .text.gpio_get
                0x000000000000796a       0x22 ./Libraries/seekfree_libraries/zf_gpio.o
                0x000000000000796a                gpio_get
 .text.gpio_interrupt_init
                0x000000000000798c       0x56 ./Libraries/seekfree_libraries/zf_gpio.o
                0x000000000000798c                gpio_interrupt_init
 .text.nvic_init
                0x00000000000079e2       0x5a ./Libraries/seekfree_libraries/zf_nvic.o
                0x00000000000079e2                nvic_init
 .text.DisableGlobalIRQ
                0x0000000000007a3c       0x2a ./Libraries/seekfree_libraries/zf_nvic.o
                0x0000000000007a3c                DisableGlobalIRQ
 .text.EnableGlobalIRQ
                0x0000000000007a66       0x22 ./Libraries/seekfree_libraries/zf_nvic.o
                0x0000000000007a66                EnableGlobalIRQ
 .text.timer_pit_interrupt_ms
                0x0000000000007a88      0x11c ./Libraries/seekfree_libraries/zf_pit.o
                0x0000000000007a88                timer_pit_interrupt_ms
 .text.pwm_gpio_init
                0x0000000000007ba4      0x270 ./Libraries/seekfree_libraries/zf_pwm.o
                0x0000000000007ba4                pwm_gpio_init
 .text.pwm_init
                0x0000000000007e14      0x1f6 ./Libraries/seekfree_libraries/zf_pwm.o
                0x0000000000007e14                pwm_init
 .text.pwm_duty
                0x000000000000800a       0x84 ./Libraries/seekfree_libraries/zf_pwm.o
                0x000000000000800a                pwm_duty
 .text.spi_gpio_init
                0x000000000000808e      0x162 ./Libraries/seekfree_libraries/zf_spi.o
                0x000000000000808e                spi_gpio_init
 .text.spi_init
                0x00000000000081f0       0xe6 ./Libraries/seekfree_libraries/zf_spi.o
                0x00000000000081f0                spi_init
 .text.spi_mosi
                0x00000000000082d6       0x3c ./Libraries/seekfree_libraries/zf_spi.o
                0x00000000000082d6                spi_mosi
 .text.systick_delay
                0x0000000000008312       0x36 ./Libraries/seekfree_libraries/zf_systick.o
                0x0000000000008312                systick_delay
 .text.uart_gpio_init
                0x0000000000008348       0xce ./Libraries/seekfree_libraries/zf_uart.o
                0x0000000000008348                uart_gpio_init
 .text.uart_init
                0x0000000000008416       0xc0 ./Libraries/seekfree_libraries/zf_uart.o
                0x0000000000008416                uart_init
 .text.uart_putbuff
                0x00000000000084d6       0x30 ./Libraries/seekfree_libraries/zf_uart.o
                0x00000000000084d6                uart_putbuff
 .text.uart_rx_irq
                0x0000000000008506       0x3a ./Libraries/seekfree_libraries/zf_uart.o
                0x0000000000008506                uart_rx_irq
 .text.board_init
                0x0000000000008540       0x34 ./Libraries/board/board.o
                0x0000000000008540                board_init
 .text._write   0x0000000000008574       0x4e ./Libraries/board/board.o
                0x0000000000008574                _write
 .text.SystemInit
                0x00000000000085c2      0x112 ./Libraries/board/clock_config.o
                0x00000000000085c2                SystemInit
 .text.__adddf3
                0x00000000000086d4      0x730 e:/learning/mecanum_wheel/mounriver_studio/toolchain/risc-v embedded gcc/bin/../lib/gcc/riscv-none-embed/8.2.0/rv32imac/ilp32\libgcc.a(adddf3.o)
                0x00000000000086d4                __adddf3
 .text.__eqdf2  0x0000000000008e04       0x6a e:/learning/mecanum_wheel/mounriver_studio/toolchain/risc-v embedded gcc/bin/../lib/gcc/riscv-none-embed/8.2.0/rv32imac/ilp32\libgcc.a(eqdf2.o)
                0x0000000000008e04                __nedf2
                0x0000000000008e04                __eqdf2
 .text.__gedf2  0x0000000000008e6e       0xae e:/learning/mecanum_wheel/mounriver_studio/toolchain/risc-v embedded gcc/bin/../lib/gcc/riscv-none-embed/8.2.0/rv32imac/ilp32\libgcc.a(gedf2.o)
                0x0000000000008e6e                __gedf2
                0x0000000000008e6e                __gtdf2
 .text.__ledf2  0x0000000000008f1c       0xb6 e:/learning/mecanum_wheel/mounriver_studio/toolchain/risc-v embedded gcc/bin/../lib/gcc/riscv-none-embed/8.2.0/rv32imac/ilp32\libgcc.a(ledf2.o)
                0x0000000000008f1c                __ledf2
                0x0000000000008f1c                __ltdf2
 .text.__muldf3
                0x0000000000008fd2      0x4b8 e:/learning/mecanum_wheel/mounriver_studio/toolchain/risc-v embedded gcc/bin/../lib/gcc/riscv-none-embed/8.2.0/rv32imac/ilp32\libgcc.a(muldf3.o)
                0x0000000000008fd2                __muldf3
 .text.__subdf3
                0x000000000000948a      0x73e e:/learning/mecanum_wheel/mounriver_studio/toolchain/risc-v embedded gcc/bin/../lib/gcc/riscv-none-embed/8.2.0/rv32imac/ilp32\libgcc.a(subdf3.o)
                0x000000000000948a                __subdf3
 .text.__fixdfsi
                0x0000000000009bc8       0x68 e:/learning/mecanum_wheel/mounriver_studio/toolchain/risc-v embedded gcc/bin/../lib/gcc/riscv-none-embed/8.2.0/rv32imac/ilp32\libgcc.a(fixdfsi.o)
                0x0000000000009bc8                __fixdfsi
 .text.__floatsidf
                0x0000000000009c30       0x72 e:/learning/mecanum_wheel/mounriver_studio/toolchain/risc-v embedded gcc/bin/../lib/gcc/riscv-none-embed/8.2.0/rv32imac/ilp32\libgcc.a(floatsidf.o)
                0x0000000000009c30                __floatsidf
 .text.__addsf3
                0x0000000000009ca2      0x36a e:/learning/mecanum_wheel/mounriver_studio/toolchain/risc-v embedded gcc/bin/../lib/gcc/riscv-none-embed/8.2.0/rv32imac/ilp32\libgcc.a(addsf3.o)
                0x0000000000009ca2                __addsf3
 .text.__divsf3
                0x000000000000a00c      0x2b2 e:/learning/mecanum_wheel/mounriver_studio/toolchain/risc-v embedded gcc/bin/../lib/gcc/riscv-none-embed/8.2.0/rv32imac/ilp32\libgcc.a(divsf3.o)
                0x000000000000a00c                __divsf3
 .text.__eqsf2  0x000000000000a2be       0x5c e:/learning/mecanum_wheel/mounriver_studio/toolchain/risc-v embedded gcc/bin/../lib/gcc/riscv-none-embed/8.2.0/rv32imac/ilp32\libgcc.a(eqsf2.o)
                0x000000000000a2be                __eqsf2
                0x000000000000a2be                __nesf2
 .text.__gesf2  0x000000000000a31a       0x86 e:/learning/mecanum_wheel/mounriver_studio/toolchain/risc-v embedded gcc/bin/../lib/gcc/riscv-none-embed/8.2.0/rv32imac/ilp32\libgcc.a(gesf2.o)
                0x000000000000a31a                __gesf2
                0x000000000000a31a                __gtsf2
 .text.__lesf2  0x000000000000a3a0       0x8c e:/learning/mecanum_wheel/mounriver_studio/toolchain/risc-v embedded gcc/bin/../lib/gcc/riscv-none-embed/8.2.0/rv32imac/ilp32\libgcc.a(lesf2.o)
                0x000000000000a3a0                __ltsf2
                0x000000000000a3a0                __lesf2
 .text.__mulsf3
                0x000000000000a42c      0x294 e:/learning/mecanum_wheel/mounriver_studio/toolchain/risc-v embedded gcc/bin/../lib/gcc/riscv-none-embed/8.2.0/rv32imac/ilp32\libgcc.a(mulsf3.o)
                0x000000000000a42c                __mulsf3
 .text.__subsf3
                0x000000000000a6c0      0x388 e:/learning/mecanum_wheel/mounriver_studio/toolchain/risc-v embedded gcc/bin/../lib/gcc/riscv-none-embed/8.2.0/rv32imac/ilp32\libgcc.a(subsf3.o)
                0x000000000000a6c0                __subsf3
 .text.__fixsfsi
                0x000000000000aa48       0x62 e:/learning/mecanum_wheel/mounriver_studio/toolchain/risc-v embedded gcc/bin/../lib/gcc/riscv-none-embed/8.2.0/rv32imac/ilp32\libgcc.a(fixsfsi.o)
                0x000000000000aa48                __fixsfsi
 .text.__floatsisf
                0x000000000000aaaa       0xc6 e:/learning/mecanum_wheel/mounriver_studio/toolchain/risc-v embedded gcc/bin/../lib/gcc/riscv-none-embed/8.2.0/rv32imac/ilp32\libgcc.a(floatsisf.o)
                0x000000000000aaaa                __floatsisf
 .text.__floatunsisf
                0x000000000000ab70       0xce e:/learning/mecanum_wheel/mounriver_studio/toolchain/risc-v embedded gcc/bin/../lib/gcc/riscv-none-embed/8.2.0/rv32imac/ilp32\libgcc.a(floatunsisf.o)
                0x000000000000ab70                __floatunsisf
 .text.__extendsfdf2
                0x000000000000ac3e       0xac e:/learning/mecanum_wheel/mounriver_studio/toolchain/risc-v embedded gcc/bin/../lib/gcc/riscv-none-embed/8.2.0/rv32imac/ilp32\libgcc.a(extendsfdf2.o)
                0x000000000000ac3e                __extendsfdf2
 .text.__truncdfsf2
                0x000000000000acea      0x16a e:/learning/mecanum_wheel/mounriver_studio/toolchain/risc-v embedded gcc/bin/../lib/gcc/riscv-none-embed/8.2.0/rv32imac/ilp32\libgcc.a(truncdfsf2.o)
                0x000000000000acea                __truncdfsf2
 .text.__clzsi2
                0x000000000000ae54       0x76 e:/learning/mecanum_wheel/mounriver_studio/toolchain/risc-v embedded gcc/bin/../lib/gcc/riscv-none-embed/8.2.0/rv32imac/ilp32\libgcc.a(_clzsi2.o)
                0x000000000000ae54                __clzsi2
 .text.__assert_func
                0x000000000000aeca       0x3a e:/learning/mecanum_wheel/mounriver_studio/toolchain/risc-v embedded gcc/bin/../lib/gcc/riscv-none-embed/8.2.0/../../../../riscv-none-embed/lib/rv32imac/ilp32\libg_nano.a(lib_a-assert.o)
                0x000000000000aeca                __assert_func
 .text.fprintf  0x000000000000af04       0x26 e:/learning/mecanum_wheel/mounriver_studio/toolchain/risc-v embedded gcc/bin/../lib/gcc/riscv-none-embed/8.2.0/../../../../riscv-none-embed/lib/rv32imac/ilp32\libg_nano.a(lib_a-fprintf.o)
                0x000000000000af04                fiprintf
                0x000000000000af04                fprintf
 .text.memcpy   0x000000000000af2a       0xb6 e:/learning/mecanum_wheel/mounriver_studio/toolchain/risc-v embedded gcc/bin/../lib/gcc/riscv-none-embed/8.2.0/../../../../riscv-none-embed/lib/rv32imac/ilp32\libg_nano.a(lib_a-memcpy.o)
                0x000000000000af2a                memcpy
 .text.__sfputc_r
                0x000000000000afe0       0x28 e:/learning/mecanum_wheel/mounriver_studio/toolchain/risc-v embedded gcc/bin/../lib/gcc/riscv-none-embed/8.2.0/../../../../riscv-none-embed/lib/rv32imac/ilp32\libg_nano.a(lib_a-nano-vfprintf.o)
 .text.__sfputs_r
                0x000000000000b008       0x44 e:/learning/mecanum_wheel/mounriver_studio/toolchain/risc-v embedded gcc/bin/../lib/gcc/riscv-none-embed/8.2.0/../../../../riscv-none-embed/lib/rv32imac/ilp32\libg_nano.a(lib_a-nano-vfprintf.o)
                0x000000000000b008                __sfputs_r
 .text._vfprintf_r
                0x000000000000b04c      0x2a0 e:/learning/mecanum_wheel/mounriver_studio/toolchain/risc-v embedded gcc/bin/../lib/gcc/riscv-none-embed/8.2.0/../../../../riscv-none-embed/lib/rv32imac/ilp32\libg_nano.a(lib_a-nano-vfprintf.o)
                0x000000000000b04c                _vfprintf_r
                0x000000000000b04c                _vfiprintf_r
 .text._printf_common
                0x000000000000b2ec      0x10c e:/learning/mecanum_wheel/mounriver_studio/toolchain/risc-v embedded gcc/bin/../lib/gcc/riscv-none-embed/8.2.0/../../../../riscv-none-embed/lib/rv32imac/ilp32\libg_nano.a(lib_a-nano-vfprintf_i.o)
                0x000000000000b2ec                _printf_common
 .text._printf_i
                0x000000000000b3f8      0x2a4 e:/learning/mecanum_wheel/mounriver_studio/toolchain/risc-v embedded gcc/bin/../lib/gcc/riscv-none-embed/8.2.0/../../../../riscv-none-embed/lib/rv32imac/ilp32\libg_nano.a(lib_a-nano-vfprintf_i.o)
                0x000000000000b3f8                _printf_i
 .text._vsprintf_r
                0x000000000000b69c       0x2e e:/learning/mecanum_wheel/mounriver_studio/toolchain/risc-v embedded gcc/bin/../lib/gcc/riscv-none-embed/8.2.0/../../../../riscv-none-embed/lib/rv32imac/ilp32\libg_nano.a(lib_a-vsprintf.o)
                0x000000000000b69c                _vsprintf_r
                0x000000000000b69c                _vsiprintf_r
 .text.vsprintf
                0x000000000000b6ca       0x10 e:/learning/mecanum_wheel/mounriver_studio/toolchain/risc-v embedded gcc/bin/../lib/gcc/riscv-none-embed/8.2.0/../../../../riscv-none-embed/lib/rv32imac/ilp32\libg_nano.a(lib_a-vsprintf.o)
                0x000000000000b6ca                vsiprintf
                0x000000000000b6ca                vsprintf
 .text.__swbuf_r
                0x000000000000b6da       0xc0 e:/learning/mecanum_wheel/mounriver_studio/toolchain/risc-v embedded gcc/bin/../lib/gcc/riscv-none-embed/8.2.0/../../../../riscv-none-embed/lib/rv32imac/ilp32\libg_nano.a(lib_a-wbuf.o)
                0x000000000000b6da                __swbuf_r
 .text.__swsetup_r
                0x000000000000b79a      0x10c e:/learning/mecanum_wheel/mounriver_studio/toolchain/risc-v embedded gcc/bin/../lib/gcc/riscv-none-embed/8.2.0/../../../../riscv-none-embed/lib/rv32imac/ilp32\libg_nano.a(lib_a-wsetup.o)
                0x000000000000b79a                __swsetup_r
 .text.abort    0x000000000000b8a6       0x10 e:/learning/mecanum_wheel/mounriver_studio/toolchain/risc-v embedded gcc/bin/../lib/gcc/riscv-none-embed/8.2.0/../../../../riscv-none-embed/lib/rv32imac/ilp32\libg_nano.a(lib_a-abort.o)
                0x000000000000b8a6                abort
 .text.__sflush_r
                0x000000000000b8b6      0x13c e:/learning/mecanum_wheel/mounriver_studio/toolchain/risc-v embedded gcc/bin/../lib/gcc/riscv-none-embed/8.2.0/../../../../riscv-none-embed/lib/rv32imac/ilp32\libg_nano.a(lib_a-fflush.o)
                0x000000000000b8b6                __sflush_r
 .text._fflush_r
                0x000000000000b9f2       0x66 e:/learning/mecanum_wheel/mounriver_studio/toolchain/risc-v embedded gcc/bin/../lib/gcc/riscv-none-embed/8.2.0/../../../../riscv-none-embed/lib/rv32imac/ilp32\libg_nano.a(lib_a-fflush.o)
                0x000000000000b9f2                _fflush_r
 .text.std      0x000000000000ba58       0x6a e:/learning/mecanum_wheel/mounriver_studio/toolchain/risc-v embedded gcc/bin/../lib/gcc/riscv-none-embed/8.2.0/../../../../riscv-none-embed/lib/rv32imac/ilp32\libg_nano.a(lib_a-findfp.o)
 .text._cleanup_r
                0x000000000000bac2        0xa e:/learning/mecanum_wheel/mounriver_studio/toolchain/risc-v embedded gcc/bin/../lib/gcc/riscv-none-embed/8.2.0/../../../../riscv-none-embed/lib/rv32imac/ilp32\libg_nano.a(lib_a-findfp.o)
                0x000000000000bac2                _cleanup_r
 .text.__sfmoreglue
                0x000000000000bacc       0x46 e:/learning/mecanum_wheel/mounriver_studio/toolchain/risc-v embedded gcc/bin/../lib/gcc/riscv-none-embed/8.2.0/../../../../riscv-none-embed/lib/rv32imac/ilp32\libg_nano.a(lib_a-findfp.o)
                0x000000000000bacc                __sfmoreglue
 .text.__sinit  0x000000000000bb12       0x6c e:/learning/mecanum_wheel/mounriver_studio/toolchain/risc-v embedded gcc/bin/../lib/gcc/riscv-none-embed/8.2.0/../../../../riscv-none-embed/lib/rv32imac/ilp32\libg_nano.a(lib_a-findfp.o)
                0x000000000000bb12                __sinit
 .text.__sfp    0x000000000000bb7e       0xa0 e:/learning/mecanum_wheel/mounriver_studio/toolchain/risc-v embedded gcc/bin/../lib/gcc/riscv-none-embed/8.2.0/../../../../riscv-none-embed/lib/rv32imac/ilp32\libg_nano.a(lib_a-findfp.o)
                0x000000000000bb7e                __sfp
 .text._fwalk_reent
                0x000000000000bc1e       0x6c e:/learning/mecanum_wheel/mounriver_studio/toolchain/risc-v embedded gcc/bin/../lib/gcc/riscv-none-embed/8.2.0/../../../../riscv-none-embed/lib/rv32imac/ilp32\libg_nano.a(lib_a-fwalk.o)
                0x000000000000bc1e                _fwalk_reent
 .text.__swhatbuf_r
                0x000000000000bc8a       0x5a e:/learning/mecanum_wheel/mounriver_studio/toolchain/risc-v embedded gcc/bin/../lib/gcc/riscv-none-embed/8.2.0/../../../../riscv-none-embed/lib/rv32imac/ilp32\libg_nano.a(lib_a-makebuf.o)
                0x000000000000bc8a                __swhatbuf_r
 .text.__smakebuf_r
                0x000000000000bce4       0xa0 e:/learning/mecanum_wheel/mounriver_studio/toolchain/risc-v embedded gcc/bin/../lib/gcc/riscv-none-embed/8.2.0/../../../../riscv-none-embed/lib/rv32imac/ilp32\libg_nano.a(lib_a-makebuf.o)
                0x000000000000bce4                __smakebuf_r
 .text.memchr   0x000000000000bd84       0x1a e:/learning/mecanum_wheel/mounriver_studio/toolchain/risc-v embedded gcc/bin/../lib/gcc/riscv-none-embed/8.2.0/../../../../riscv-none-embed/lib/rv32imac/ilp32\libg_nano.a(lib_a-memchr.o)
                0x000000000000bd84                memchr
 .text.memmove  0x000000000000bd9e       0x4a e:/learning/mecanum_wheel/mounriver_studio/toolchain/risc-v embedded gcc/bin/../lib/gcc/riscv-none-embed/8.2.0/../../../../riscv-none-embed/lib/rv32imac/ilp32\libg_nano.a(lib_a-memmove.o)
                0x000000000000bd9e                memmove
 .text._free_r  0x000000000000bde8       0xa8 e:/learning/mecanum_wheel/mounriver_studio/toolchain/risc-v embedded gcc/bin/../lib/gcc/riscv-none-embed/8.2.0/../../../../riscv-none-embed/lib/rv32imac/ilp32\libg_nano.a(lib_a-nano-freer.o)
                0x000000000000bde8                _free_r
 .text._malloc_r
                0x000000000000be90       0xce e:/learning/mecanum_wheel/mounriver_studio/toolchain/risc-v embedded gcc/bin/../lib/gcc/riscv-none-embed/8.2.0/../../../../riscv-none-embed/lib/rv32imac/ilp32\libg_nano.a(lib_a-nano-mallocr.o)
                0x000000000000be90                _malloc_r
 .text._realloc_r
                0x000000000000bf5e       0x58 e:/learning/mecanum_wheel/mounriver_studio/toolchain/risc-v embedded gcc/bin/../lib/gcc/riscv-none-embed/8.2.0/../../../../riscv-none-embed/lib/rv32imac/ilp32\libg_nano.a(lib_a-nano-reallocr.o)
                0x000000000000bf5e                _realloc_r
 .text.__ssputs_r
                0x000000000000bfb6       0xee e:/learning/mecanum_wheel/mounriver_studio/toolchain/risc-v embedded gcc/bin/../lib/gcc/riscv-none-embed/8.2.0/../../../../riscv-none-embed/lib/rv32imac/ilp32\libg_nano.a(lib_a-nano-svfprintf.o)
                0x000000000000bfb6                __ssputs_r
 .text._svfprintf_r
                0x000000000000c0a4      0x282 e:/learning/mecanum_wheel/mounriver_studio/toolchain/risc-v embedded gcc/bin/../lib/gcc/riscv-none-embed/8.2.0/../../../../riscv-none-embed/lib/rv32imac/ilp32\libg_nano.a(lib_a-nano-svfprintf.o)
                0x000000000000c0a4                _svfiprintf_r
                0x000000000000c0a4                _svfprintf_r
 .text._sbrk_r  0x000000000000c326       0x30 e:/learning/mecanum_wheel/mounriver_studio/toolchain/risc-v embedded gcc/bin/../lib/gcc/riscv-none-embed/8.2.0/../../../../riscv-none-embed/lib/rv32imac/ilp32\libg_nano.a(lib_a-sbrkr.o)
                0x000000000000c326                _sbrk_r
 .text._raise_r
                0x000000000000c356       0x62 e:/learning/mecanum_wheel/mounriver_studio/toolchain/risc-v embedded gcc/bin/../lib/gcc/riscv-none-embed/8.2.0/../../../../riscv-none-embed/lib/rv32imac/ilp32\libg_nano.a(lib_a-signal.o)
                0x000000000000c356                _raise_r
 .text.raise    0x000000000000c3b8        0xc e:/learning/mecanum_wheel/mounriver_studio/toolchain/risc-v embedded gcc/bin/../lib/gcc/riscv-none-embed/8.2.0/../../../../riscv-none-embed/lib/rv32imac/ilp32\libg_nano.a(lib_a-signal.o)
                0x000000000000c3b8                raise
 .text._kill_r  0x000000000000c3c4       0x32 e:/learning/mecanum_wheel/mounriver_studio/toolchain/risc-v embedded gcc/bin/../lib/gcc/riscv-none-embed/8.2.0/../../../../riscv-none-embed/lib/rv32imac/ilp32\libg_nano.a(lib_a-signalr.o)
                0x000000000000c3c4                _kill_r
 .text._getpid_r
                0x000000000000c3f6        0x2 e:/learning/mecanum_wheel/mounriver_studio/toolchain/risc-v embedded gcc/bin/../lib/gcc/riscv-none-embed/8.2.0/../../../../riscv-none-embed/lib/rv32imac/ilp32\libg_nano.a(lib_a-signalr.o)
                0x000000000000c3f6                _getpid_r
 .text.__sread  0x000000000000c3f8       0x30 e:/learning/mecanum_wheel/mounriver_studio/toolchain/risc-v embedded gcc/bin/../lib/gcc/riscv-none-embed/8.2.0/../../../../riscv-none-embed/lib/rv32imac/ilp32\libg_nano.a(lib_a-stdio.o)
                0x000000000000c3f8                __sread
 .text.__swrite
                0x000000000000c428       0x4e e:/learning/mecanum_wheel/mounriver_studio/toolchain/risc-v embedded gcc/bin/../lib/gcc/riscv-none-embed/8.2.0/../../../../riscv-none-embed/lib/rv32imac/ilp32\libg_nano.a(lib_a-stdio.o)
                0x000000000000c428                __swrite
 .text.__sseek  0x000000000000c476       0x36 e:/learning/mecanum_wheel/mounriver_studio/toolchain/risc-v embedded gcc/bin/../lib/gcc/riscv-none-embed/8.2.0/../../../../riscv-none-embed/lib/rv32imac/ilp32\libg_nano.a(lib_a-stdio.o)
                0x000000000000c476                __sseek
 .text.__sclose
                0x000000000000c4ac        0x6 e:/learning/mecanum_wheel/mounriver_studio/toolchain/risc-v embedded gcc/bin/../lib/gcc/riscv-none-embed/8.2.0/../../../../riscv-none-embed/lib/rv32imac/ilp32\libg_nano.a(lib_a-stdio.o)
                0x000000000000c4ac                __sclose
 .text._write_r
                0x000000000000c4b2       0x36 e:/learning/mecanum_wheel/mounriver_studio/toolchain/risc-v embedded gcc/bin/../lib/gcc/riscv-none-embed/8.2.0/../../../../riscv-none-embed/lib/rv32imac/ilp32\libg_nano.a(lib_a-writer.o)
                0x000000000000c4b2                _write_r
 .text._close_r
                0x000000000000c4e8       0x30 e:/learning/mecanum_wheel/mounriver_studio/toolchain/risc-v embedded gcc/bin/../lib/gcc/riscv-none-embed/8.2.0/../../../../riscv-none-embed/lib/rv32imac/ilp32\libg_nano.a(lib_a-closer.o)
                0x000000000000c4e8                _close_r
 .text._fstat_r
                0x000000000000c518       0x32 e:/learning/mecanum_wheel/mounriver_studio/toolchain/risc-v embedded gcc/bin/../lib/gcc/riscv-none-embed/8.2.0/../../../../riscv-none-embed/lib/rv32imac/ilp32\libg_nano.a(lib_a-fstatr.o)
                0x000000000000c518                _fstat_r
 .text._isatty_r
                0x000000000000c54a       0x30 e:/learning/mecanum_wheel/mounriver_studio/toolchain/risc-v embedded gcc/bin/../lib/gcc/riscv-none-embed/8.2.0/../../../../riscv-none-embed/lib/rv32imac/ilp32\libg_nano.a(lib_a-isattyr.o)
                0x000000000000c54a                _isatty_r
 .text._lseek_r
                0x000000000000c57a       0x34 e:/learning/mecanum_wheel/mounriver_studio/toolchain/risc-v embedded gcc/bin/../lib/gcc/riscv-none-embed/8.2.0/../../../../riscv-none-embed/lib/rv32imac/ilp32\libg_nano.a(lib_a-lseekr.o)
                0x000000000000c57a                _lseek_r
 .text.__malloc_lock
                0x000000000000c5ae        0x2 e:/learning/mecanum_wheel/mounriver_studio/toolchain/risc-v embedded gcc/bin/../lib/gcc/riscv-none-embed/8.2.0/../../../../riscv-none-embed/lib/rv32imac/ilp32\libg_nano.a(lib_a-mlock.o)
                0x000000000000c5ae                __malloc_lock
 .text.__malloc_unlock
                0x000000000000c5b0        0x2 e:/learning/mecanum_wheel/mounriver_studio/toolchain/risc-v embedded gcc/bin/../lib/gcc/riscv-none-embed/8.2.0/../../../../riscv-none-embed/lib/rv32imac/ilp32\libg_nano.a(lib_a-mlock.o)
                0x000000000000c5b0                __malloc_unlock
 .text._malloc_usable_size_r
                0x000000000000c5b2       0x14 e:/learning/mecanum_wheel/mounriver_studio/toolchain/risc-v embedded gcc/bin/../lib/gcc/riscv-none-embed/8.2.0/../../../../riscv-none-embed/lib/rv32imac/ilp32\libg_nano.a(lib_a-nano-msizer.o)
                0x000000000000c5b2                _malloc_usable_size_r
 .text._read_r  0x000000000000c5c6       0x34 e:/learning/mecanum_wheel/mounriver_studio/toolchain/risc-v embedded gcc/bin/../lib/gcc/riscv-none-embed/8.2.0/../../../../riscv-none-embed/lib/rv32imac/ilp32\libg_nano.a(lib_a-readr.o)
                0x000000000000c5c6                _read_r
 .text._close   0x000000000000c5fa       0x10 e:/learning/mecanum_wheel/mounriver_studio/toolchain/risc-v embedded gcc/bin/../lib/gcc/riscv-none-embed/8.2.0/../../../../riscv-none-embed/lib/rv32imac/ilp32\libnosys.a(close.o)
                0x000000000000c5fa                _close
 .text._fstat   0x000000000000c60a       0x10 e:/learning/mecanum_wheel/mounriver_studio/toolchain/risc-v embedded gcc/bin/../lib/gcc/riscv-none-embed/8.2.0/../../../../riscv-none-embed/lib/rv32imac/ilp32\libnosys.a(fstat.o)
                0x000000000000c60a                _fstat
 .text._getpid  0x000000000000c61a       0x10 e:/learning/mecanum_wheel/mounriver_studio/toolchain/risc-v embedded gcc/bin/../lib/gcc/riscv-none-embed/8.2.0/../../../../riscv-none-embed/lib/rv32imac/ilp32\libnosys.a(getpid.o)
                0x000000000000c61a                _getpid
 .text._isatty  0x000000000000c62a       0x10 e:/learning/mecanum_wheel/mounriver_studio/toolchain/risc-v embedded gcc/bin/../lib/gcc/riscv-none-embed/8.2.0/../../../../riscv-none-embed/lib/rv32imac/ilp32\libnosys.a(isatty.o)
                0x000000000000c62a                _isatty
 .text._kill    0x000000000000c63a       0x10 e:/learning/mecanum_wheel/mounriver_studio/toolchain/risc-v embedded gcc/bin/../lib/gcc/riscv-none-embed/8.2.0/../../../../riscv-none-embed/lib/rv32imac/ilp32\libnosys.a(kill.o)
                0x000000000000c63a                _kill
 .text._lseek   0x000000000000c64a       0x10 e:/learning/mecanum_wheel/mounriver_studio/toolchain/risc-v embedded gcc/bin/../lib/gcc/riscv-none-embed/8.2.0/../../../../riscv-none-embed/lib/rv32imac/ilp32\libnosys.a(lseek.o)
                0x000000000000c64a                _lseek
 .text._read    0x000000000000c65a       0x10 e:/learning/mecanum_wheel/mounriver_studio/toolchain/risc-v embedded gcc/bin/../lib/gcc/riscv-none-embed/8.2.0/../../../../riscv-none-embed/lib/rv32imac/ilp32\libnosys.a(read.o)
                0x000000000000c65a                _read
 .text._sbrk    0x000000000000c66a       0x24 e:/learning/mecanum_wheel/mounriver_studio/toolchain/risc-v embedded gcc/bin/../lib/gcc/riscv-none-embed/8.2.0/../../../../riscv-none-embed/lib/rv32imac/ilp32\libnosys.a(sbrk.o)
                0x000000000000c66a                _sbrk
 .text._exit    0x000000000000c68e        0x2 e:/learning/mecanum_wheel/mounriver_studio/toolchain/risc-v embedded gcc/bin/../lib/gcc/riscv-none-embed/8.2.0/../../../../riscv-none-embed/lib/rv32imac/ilp32\libnosys.a(_exit.o)
                0x000000000000c68e                _exit
 *(.rodata)
 *(.rodata*)
 .rodata.ReadSpeed.cst4
                0x000000000000c690        0xc ./my/encoder.o
 .rodata.SignalProcess.cst4
                0x000000000000c69c        0x4 ./my/findline.o
 .rodata.deviation.cst4
                0x000000000000c6a0        0x4 ./my/findline.o
 *fill*         0x000000000000c6a4        0x4 
 .rodata.sancha.cst8
                0x000000000000c6a8       0x10 ./my/findline.o
 .rodata.Init_AllData.cst4
                0x000000000000c6b8       0x14 ./my/include.o
                                         0x18 (size before relaxing)
 .rodata.menu   0x000000000000c6cc       0x24 ./my/menu.o
 .rodata.menu.cst4
                0x000000000000c6f0        0x4 ./my/menu.o
 .rodata.menu.str1.4
                0x000000000000c6f4       0x71 ./my/menu.o
 *fill*         0x000000000000c765        0x3 
 .rodata.print_arry.str1.4
                0x000000000000c768        0x2 ./my/menu.o
                                          0x6 (size before relaxing)
 *fill*         0x000000000000c76a        0x2 
 .rodata.DirCal.cst4
                0x000000000000c76c       0x1c ./my/pid.o
 .rodata.DirCal.cst8
                0x000000000000c788       0x10 ./my/pid.o
 .rodata.PID_MotorCal2.cst4
                0x000000000000c798       0x18 ./my/pid.o
 .rodata.PID_MotorControl.cst8
                0x000000000000c7b0        0x8 ./my/pid.o
 .rodata.SetSpeed.cst4
                0x000000000000c7b8        0x4 ./my/pid.o
 .rodata.TIM3_IRQHandler.cst4
                0x000000000000c7bc        0x8 ./USER/isr.o
 .rodata.Run.cst4
                0x000000000000c7c4       0x24 ./USER/run.o
 .rodata.Run.cst8
                0x000000000000c7e8        0x8 ./USER/run.o
 .rodata.speedrevise.cst4
                0x000000000000c7f0        0xc ./USER/run.o
 *fill*         0x000000000000c7fc        0x4 
 .rodata.speedrevise.cst8
                0x000000000000c800       0x10 ./USER/run.o
 .rodata.oled_6x8
                0x000000000000c810      0x228 ./Libraries/seekfree_peripheral/SEEKFREE_FONT.o
                0x000000000000c810                oled_6x8
 .rodata.__func__.3997
                0x000000000000ca38        0xd ./Libraries/seekfree_peripheral/SEEKFREE_OLED.o
 *fill*         0x000000000000ca45        0x3 
 .rodata.oled_printf_float.str1.4
                0x000000000000ca48        0x3 ./Libraries/seekfree_peripheral/SEEKFREE_OLED.o
 *fill*         0x000000000000ca4b        0x1 
 .rodata.oled_set_pos.str1.4
                0x000000000000ca4c       0x4e ./Libraries/seekfree_peripheral/SEEKFREE_OLED.o
 *fill*         0x000000000000ca9a        0x2 
 .rodata.zf_sprintf
                0x000000000000ca9c      0x150 ./Libraries/seekfree_peripheral/SEEKFREE_PRINTF.o
 *fill*         0x000000000000cbec        0x4 
 .rodata.zf_sprintf.cst8
                0x000000000000cbf0        0x8 ./Libraries/seekfree_peripheral/SEEKFREE_PRINTF.o
 .rodata.GPION  0x000000000000cbf8       0x10 ./Libraries/seekfree_libraries/zf_gpio.o
                0x000000000000cbf8                GPION
 .rodata.__func__.3548
                0x000000000000cc08       0x17 ./Libraries/seekfree_libraries/zf_pit.o
 *fill*         0x000000000000cc1f        0x1 
 .rodata.timer_pit_interrupt_ms.str1.4
                0x000000000000cc20       0x2d ./Libraries/seekfree_libraries/zf_pit.o
 *fill*         0x000000000000cc4d        0x3 
 .rodata.TIMERN
                0x000000000000cc50       0x10 ./Libraries/seekfree_libraries/zf_qtimer.o
                0x000000000000cc50                TIMERN
 .rodata.__func__.3349
                0x000000000000cc60        0xe ./Libraries/seekfree_libraries/zf_spi.o
 *fill*         0x000000000000cc6e        0x2 
 .rodata.spi_gpio_init.str1.4
                0x000000000000cc70       0x2d ./Libraries/seekfree_libraries/zf_spi.o
 *fill*         0x000000000000cc9d        0x3 
 .rodata.UARTN  0x000000000000cca0       0x10 ./Libraries/seekfree_libraries/zf_uart.o
                0x000000000000cca0                UARTN
 .rodata.__muldf3
                0x000000000000ccb0       0x40 e:/learning/mecanum_wheel/mounriver_studio/toolchain/risc-v embedded gcc/bin/../lib/gcc/riscv-none-embed/8.2.0/rv32imac/ilp32\libgcc.a(muldf3.o)
 .rodata.__divsf3
                0x000000000000ccf0       0x80 e:/learning/mecanum_wheel/mounriver_studio/toolchain/risc-v embedded gcc/bin/../lib/gcc/riscv-none-embed/8.2.0/rv32imac/ilp32\libgcc.a(divsf3.o)
 .rodata.__mulsf3
                0x000000000000cd70       0x40 e:/learning/mecanum_wheel/mounriver_studio/toolchain/risc-v embedded gcc/bin/../lib/gcc/riscv-none-embed/8.2.0/rv32imac/ilp32\libgcc.a(mulsf3.o)
 .rodata.__clz_tab
                0x000000000000cdb0      0x100 e:/learning/mecanum_wheel/mounriver_studio/toolchain/risc-v embedded gcc/bin/../lib/gcc/riscv-none-embed/8.2.0/rv32imac/ilp32\libgcc.a(_clz.o)
                0x000000000000cdb0                __clz_tab
 .rodata.__assert_func.str1.4
                0x000000000000ceb0       0x3f e:/learning/mecanum_wheel/mounriver_studio/toolchain/risc-v embedded gcc/bin/../lib/gcc/riscv-none-embed/8.2.0/../../../../riscv-none-embed/lib/rv32imac/ilp32\libg_nano.a(lib_a-assert.o)
                                         0x43 (size before relaxing)
 *fill*         0x000000000000ceef        0x1 
 .rodata._vfprintf_r.str1.4
                0x000000000000cef0       0x13 e:/learning/mecanum_wheel/mounriver_studio/toolchain/risc-v embedded gcc/bin/../lib/gcc/riscv-none-embed/8.2.0/../../../../riscv-none-embed/lib/rv32imac/ilp32\libg_nano.a(lib_a-nano-vfprintf.o)
 *fill*         0x000000000000cf03        0x1 
 .rodata._printf_i.str1.4
                0x000000000000cf04       0x28 e:/learning/mecanum_wheel/mounriver_studio/toolchain/risc-v embedded gcc/bin/../lib/gcc/riscv-none-embed/8.2.0/../../../../riscv-none-embed/lib/rv32imac/ilp32\libg_nano.a(lib_a-nano-vfprintf_i.o)
                                         0x25 (size before relaxing)
 .rodata.__sf_fake_stderr
                0x000000000000cf2c       0x20 e:/learning/mecanum_wheel/mounriver_studio/toolchain/risc-v embedded gcc/bin/../lib/gcc/riscv-none-embed/8.2.0/../../../../riscv-none-embed/lib/rv32imac/ilp32\libg_nano.a(lib_a-findfp.o)
                0x000000000000cf2c                __sf_fake_stderr
 .rodata.__sf_fake_stdin
                0x000000000000cf4c       0x20 e:/learning/mecanum_wheel/mounriver_studio/toolchain/risc-v embedded gcc/bin/../lib/gcc/riscv-none-embed/8.2.0/../../../../riscv-none-embed/lib/rv32imac/ilp32\libg_nano.a(lib_a-findfp.o)
                0x000000000000cf4c                __sf_fake_stdin
 .rodata.__sf_fake_stdout
                0x000000000000cf6c       0x20 e:/learning/mecanum_wheel/mounriver_studio/toolchain/risc-v embedded gcc/bin/../lib/gcc/riscv-none-embed/8.2.0/../../../../riscv-none-embed/lib/rv32imac/ilp32\libg_nano.a(lib_a-findfp.o)
                0x000000000000cf6c                __sf_fake_stdout
 .rodata._svfprintf_r.str1.4
                0x000000000000cf8c       0x13 e:/learning/mecanum_wheel/mounriver_studio/toolchain/risc-v embedded gcc/bin/../lib/gcc/riscv-none-embed/8.2.0/../../../../riscv-none-embed/lib/rv32imac/ilp32\libg_nano.a(lib_a-nano-svfprintf.o)
 *(.glue_7)
 *(.glue_7t)
 *(.gnu.linkonce.t.*)
                0x000000000000cfa0                . = ALIGN (0x4)

.rela.dyn       0x000000000000cf8c        0x0
 .rela.init     0x000000000000cf8c        0x0 ./my/base.o
 .rela.vector   0x000000000000cf8c        0x0 ./my/base.o
 .rela.text.handle_reset
                0x000000000000cf8c        0x0 ./my/base.o
 .rela.text._vfprintf_r
                0x000000000000cf8c        0x0 ./my/base.o
 .rela.text._svfprintf_r
                0x000000000000cf8c        0x0 ./my/base.o
 .rela.text._sbrk_r
                0x000000000000cf8c        0x0 ./my/base.o
 .rela.text._kill_r
                0x000000000000cf8c        0x0 ./my/base.o
 .rela.text._write_r
                0x000000000000cf8c        0x0 ./my/base.o
 .rela.text._close_r
                0x000000000000cf8c        0x0 ./my/base.o
 .rela.text._fstat_r
                0x000000000000cf8c        0x0 ./my/base.o
 .rela.text._isatty_r
                0x000000000000cf8c        0x0 ./my/base.o
 .rela.text._lseek_r
                0x000000000000cf8c        0x0 ./my/base.o
 .rela.text._read_r
                0x000000000000cf8c        0x0 ./my/base.o
 .rela.text._close
                0x000000000000cf8c        0x0 ./my/base.o
 .rela.text._fstat
                0x000000000000cf8c        0x0 ./my/base.o
 .rela.text._getpid
                0x000000000000cf8c        0x0 ./my/base.o
 .rela.text._isatty
                0x000000000000cf8c        0x0 ./my/base.o
 .rela.text._kill
                0x000000000000cf8c        0x0 ./my/base.o
 .rela.text._lseek
                0x000000000000cf8c        0x0 ./my/base.o
 .rela.text._read
                0x000000000000cf8c        0x0 ./my/base.o
 .rela.text._sbrk
                0x000000000000cf8c        0x0 ./my/base.o

.fini           0x000000000000cf8c        0x0
 *(SORT_NONE(.fini))
                0x000000000000cf8c                . = ALIGN (0x4)
                [!provide]                        PROVIDE (_etext = .)
                [!provide]                        PROVIDE (_eitcm = .)

.preinit_array  0x000000000000cf8c        0x0
                [!provide]                        PROVIDE (__preinit_array_start = .)
 *(.preinit_array)
                [!provide]                        PROVIDE (__preinit_array_end = .)

.init_array     0x000000000000cf8c        0x0
                [!provide]                        PROVIDE (__init_array_start = .)
 *(SORT_BY_INIT_PRIORITY(.init_array.*) SORT_BY_INIT_PRIORITY(.ctors.*))
 *(.init_array EXCLUDE_FILE(*crtend?.o *crtend.o *crtbegin?.o *crtbegin.o) .ctors)
                [!provide]                        PROVIDE (__init_array_end = .)

.fini_array     0x000000000000cf8c        0x0
                [!provide]                        PROVIDE (__fini_array_start = .)
 *(SORT_BY_INIT_PRIORITY(.fini_array.*) SORT_BY_INIT_PRIORITY(.dtors.*))
 *(.fini_array EXCLUDE_FILE(*crtend?.o *crtend.o *crtbegin?.o *crtbegin.o) .dtors)
                [!provide]                        PROVIDE (__fini_array_end = .)

.ctors
 *crtbegin.o(.ctors)
 *crtbegin?.o(.ctors)
 *(EXCLUDE_FILE(*crtend?.o *crtend.o) .ctors)
 *(SORT_BY_NAME(.ctors.*))
 *(.ctors)

.dtors
 *crtbegin.o(.dtors)
 *crtbegin?.o(.dtors)
 *(EXCLUDE_FILE(*crtend?.o *crtend.o) .dtors)
 *(SORT_BY_NAME(.dtors.*))
 *(.dtors)

.dalign         0x0000000020000000        0x0 load address 0x000000000000cf8c
                0x0000000020000000                . = ALIGN (0x4)
                0x0000000020000000                PROVIDE (_data_vma = .)

.dlalign        0x000000000000cf8c        0x0
                0x000000000000cf8c                . = ALIGN (0x4)
                0x000000000000cf8c                PROVIDE (_data_lma = .)

.data           0x0000000020000000       0xf8 load address 0x000000000000cf8c
 *(.gnu.linkonce.r.*)
 *(.data .data.*)
 .data.APBAHBPrescTable
                0x0000000020000000       0x10 ./Libraries/wch_libraries/Peripheral/ch32v10x_rcc.o
 .data.GET_CFG  0x0000000020000010       0x20 ./Libraries/seekfree_peripheral/SEEKFREE_MT9V03X.o
                0x0000000020000010                GET_CFG
 .data.MT9V03X_CFG
                0x0000000020000030       0x24 ./Libraries/seekfree_peripheral/SEEKFREE_MT9V03X.o
                0x0000000020000030                MT9V03X_CFG
 .data.impure_data
                0x0000000020000054       0x60 e:/learning/mecanum_wheel/mounriver_studio/toolchain/risc-v embedded gcc/bin/../lib/gcc/riscv-none-embed/8.2.0/../../../../riscv-none-embed/lib/rv32imac/ilp32\libg_nano.a(lib_a-impure.o)
 *(.gnu.linkonce.d.*)
                0x00000000200000b8                . = ALIGN (0x8)
 *fill*         0x00000000200000b4        0x4 
                0x00000000200008b8                PROVIDE (__global_pointer$ = (. + 0x800))
 *(.sdata .sdata.*)
 .sdata.hen_sancha
                0x00000000200000b8        0x1 ./my/findline.o
                0x00000000200000b8                hen_sancha
 .sdata.long_turn_flag_left
                0x00000000200000b9        0x1 ./my/findline.o
                0x00000000200000b9                long_turn_flag_left
 .sdata.long_turn_flag_right
                0x00000000200000ba        0x1 ./my/findline.o
                0x00000000200000ba                long_turn_flag_right
 .sdata.my_Mid  0x00000000200000bb        0x1 ./my/findline.o
                0x00000000200000bb                my_Mid
 .sdata.sancha_dir
                0x00000000200000bc        0x1 ./my/findline.o
                0x00000000200000bc                sancha_dir
 .sdata.yanchi  0x00000000200000bd        0x1 ./my/findline.o
                0x00000000200000bd                yanchi
 .sdata.Mid     0x00000000200000be        0x1 ./my/imag.o
                0x00000000200000be                Mid
 .sdata.Threshold_Max
                0x00000000200000bf        0x1 ./my/imag.o
                0x00000000200000bf                Threshold_Max
 .sdata.Threshold_Min
                0x00000000200000c0        0x1 ./my/imag.o
                0x00000000200000c0                Threshold_Min
 .sdata.finalend
                0x00000000200000c1        0x1 ./my/imag.o
                0x00000000200000c1                finalend
 *fill*         0x00000000200000c2        0x2 
 .sdata.Pin_Ptr
                0x00000000200000c4        0x4 ./my/key.o
                0x00000000200000c4                Pin_Ptr
 .sdata.count_Limit
                0x00000000200000c8        0x1 ./my/key.o
                0x00000000200000c8                count_Limit
 .sdata.dir     0x00000000200000c9        0x1 ./my/menu.o
                0x00000000200000c9                dir
 .sdata.top     0x00000000200000ca        0x1 ./my/menu.o
                0x00000000200000ca                top
 *fill*         0x00000000200000cb        0x1 
 .sdata.v_cir   0x00000000200000cc        0x2 ./USER/run.o
                0x00000000200000cc                v_cir
 *fill*         0x00000000200000ce        0x2 
 .sdata.v_k     0x00000000200000d0        0x4 ./USER/run.o
                0x00000000200000d0                v_k
 .sdata.v_longstr
                0x00000000200000d4        0x2 ./USER/run.o
                0x00000000200000d4                v_longstr
 .sdata.v_min   0x00000000200000d6        0x2 ./USER/run.o
                0x00000000200000d6                v_min
 .sdata.v_str   0x00000000200000d8        0x2 ./USER/run.o
                0x00000000200000d8                v_str
 *fill*         0x00000000200000da        0x2 
 .sdata.ADCPrescTable
                0x00000000200000dc        0x4 ./Libraries/wch_libraries/Peripheral/ch32v10x_rcc.o
 .sdata.camera_type
                0x00000000200000e0        0x4 ./Libraries/seekfree_libraries/common.o
                0x00000000200000e0                camera_type
 .sdata._impure_ptr
                0x00000000200000e4        0x4 e:/learning/mecanum_wheel/mounriver_studio/toolchain/risc-v embedded gcc/bin/../lib/gcc/riscv-none-embed/8.2.0/../../../../riscv-none-embed/lib/rv32imac/ilp32\libg_nano.a(lib_a-impure.o)
                0x00000000200000e4                _impure_ptr
 *(.sdata2.*)
 .sdata2.SPIN   0x00000000200000e8        0x8 ./Libraries/seekfree_libraries/zf_spi.o
                0x00000000200000e8                SPIN
 .sdata2._global_impure_ptr
                0x00000000200000f0        0x4 e:/learning/mecanum_wheel/mounriver_studio/toolchain/risc-v embedded gcc/bin/../lib/gcc/riscv-none-embed/8.2.0/../../../../riscv-none-embed/lib/rv32imac/ilp32\libg_nano.a(lib_a-impure.o)
                0x00000000200000f0                _global_impure_ptr
 *(.gnu.linkonce.s.*)
                0x00000000200000f8                . = ALIGN (0x8)
 *fill*         0x00000000200000f4        0x4 
 *(.srodata.cst16)
 *(.srodata.cst8)
 *(.srodata.cst4)
 *(.srodata.cst2)
 *(.srodata .srodata.*)
                0x00000000200000f8                . = ALIGN (0x4)
                0x00000000200000f8                PROVIDE (_edata = .)

.bss            0x00000000200000f8     0x2d24 load address 0x000000000000d084
                0x00000000200000f8                . = ALIGN (0x4)
                0x00000000200000f8                PROVIDE (_sbss = .)
 *(.sbss*)
 .sbss.encoder_speed
                0x00000000200000f8        0x8 ./my/encoder.o
                0x00000000200000f8                encoder_speed
 .sbss.L_Blank  0x0000000020000100        0x1 ./my/findline.o
                0x0000000020000100                L_Blank
 .sbss.Lstart   0x0000000020000101        0x1 ./my/findline.o
                0x0000000020000101                Lstart
 .sbss.R_Blank  0x0000000020000102        0x1 ./my/findline.o
                0x0000000020000102                R_Blank
 .sbss.Rstart   0x0000000020000103        0x1 ./my/findline.o
                0x0000000020000103                Rstart
 .sbss.Track_State
                0x0000000020000104        0x1 ./my/findline.o
                0x0000000020000104                Track_State
 .sbss.all_lose
                0x0000000020000105        0x1 ./my/findline.o
                0x0000000020000105                all_lose
 .sbss.all_lose_end
                0x0000000020000106        0x1 ./my/findline.o
                0x0000000020000106                all_lose_end
 .sbss.all_state
                0x0000000020000107        0x1 ./my/findline.o
                0x0000000020000107                all_state
 .sbss.angle_line
                0x0000000020000108        0x1 ./my/findline.o
                0x0000000020000108                angle_line
 .sbss.direct   0x0000000020000109        0x1 ./my/findline.o
                0x0000000020000109                direct
 .sbss.in_ruku  0x000000002000010a        0x1 ./my/findline.o
                0x000000002000010a                in_ruku
 .sbss.in_sancha
                0x000000002000010b        0x1 ./my/findline.o
                0x000000002000010b                in_sancha
 .sbss.in_sancha2
                0x000000002000010c        0x1 ./my/findline.o
                0x000000002000010c                in_sancha2
 .sbss.in_shizi
                0x000000002000010d        0x1 ./my/findline.o
                0x000000002000010d                in_shizi
 .sbss.jin_sancha
                0x000000002000010e        0x1 ./my/findline.o
                0x000000002000010e                jin_sancha
 .sbss.last_left
                0x000000002000010f        0x1 ./my/findline.o
                0x000000002000010f                last_left
 .sbss.last_right
                0x0000000020000110        0x1 ./my/findline.o
                0x0000000020000110                last_right
 .sbss.left1_flag
                0x0000000020000111        0x1 ./my/findline.o
                0x0000000020000111                left1_flag
 .sbss.left2_flag
                0x0000000020000112        0x1 ./my/findline.o
                0x0000000020000112                left2_flag
 .sbss.line_directe
                0x0000000020000113        0x1 ./my/findline.o
                0x0000000020000113                line_directe
 .sbss.midline_deviation
                0x0000000020000114        0x4 ./my/findline.o
                0x0000000020000114                midline_deviation
 .sbss.midline_deviation1
                0x0000000020000118        0x4 ./my/findline.o
                0x0000000020000118                midline_deviation1
 .sbss.midline_deviation2
                0x000000002000011c        0x4 ./my/findline.o
                0x000000002000011c                midline_deviation2
 .sbss.now_state
                0x0000000020000120        0x1 ./my/findline.o
                0x0000000020000120                now_state
 .sbss.out_sancha
                0x0000000020000121        0x1 ./my/findline.o
                0x0000000020000121                out_sancha
 *fill*         0x0000000020000122        0x2 
 .sbss.parameterA
                0x0000000020000124        0x4 ./my/findline.o
                0x0000000020000124                parameterA
 .sbss.parameterB
                0x0000000020000128        0x4 ./my/findline.o
                0x0000000020000128                parameterB
 .sbss.right1_flag
                0x000000002000012c        0x1 ./my/findline.o
                0x000000002000012c                right1_flag
 .sbss.right2_flag
                0x000000002000012d        0x1 ./my/findline.o
                0x000000002000012d                right2_flag
 *fill*         0x000000002000012e        0x2 
 .sbss.rou_of_left
                0x0000000020000130        0x4 ./my/findline.o
                0x0000000020000130                rou_of_left
 .sbss.rou_of_right
                0x0000000020000134        0x4 ./my/findline.o
                0x0000000020000134                rou_of_right
 .sbss.ruku_count
                0x0000000020000138        0x1 ./my/findline.o
                0x0000000020000138                ruku_count
 .sbss.shizi_count
                0x0000000020000139        0x1 ./my/findline.o
                0x0000000020000139                shizi_count
 .sbss.shizi_flag
                0x000000002000013a        0x1 ./my/findline.o
                0x000000002000013a                shizi_flag
 .sbss.start_ruku
                0x000000002000013b        0x1 ./my/findline.o
                0x000000002000013b                start_ruku
 .sbss.top_x    0x000000002000013c        0x1 ./my/findline.o
                0x000000002000013c                top_x
 .sbss.top_y    0x000000002000013d        0x1 ./my/findline.o
                0x000000002000013d                top_y
 .sbss.Ostu_Threshold
                0x000000002000013e        0x1 ./my/imag.o
                0x000000002000013e                Ostu_Threshold
 .sbss.Is_Run   0x000000002000013f        0x1 ./my/include.o
                0x000000002000013f                Is_Run
 .sbss.Vset     0x0000000020000140        0x2 ./my/include.o
                0x0000000020000140                Vset
 .sbss.act_speed_l
                0x0000000020000142        0x2 ./my/include.o
                0x0000000020000142                act_speed_l
 .sbss.act_speed_r
                0x0000000020000144        0x2 ./my/include.o
                0x0000000020000144                act_speed_r
 .sbss.act_speed_y
                0x0000000020000146        0x2 ./my/include.o
                0x0000000020000146                act_speed_y
 .sbss.minus_l  0x0000000020000148        0x2 ./my/include.o
                0x0000000020000148                minus_l
 .sbss.minus_r  0x000000002000014a        0x2 ./my/include.o
                0x000000002000014a                minus_r
 .sbss.motor_kd
                0x000000002000014c        0x2 ./my/include.o
                0x000000002000014c                motor_kd
 .sbss.motor_ki
                0x000000002000014e        0x2 ./my/include.o
                0x000000002000014e                motor_ki
 .sbss.motor_kp
                0x0000000020000150        0x2 ./my/include.o
                0x0000000020000150                motor_kp
 .sbss.x_buchang_l
                0x0000000020000152        0x2 ./my/include.o
                0x0000000020000152                x_buchang_l
 .sbss.x_buchang_r
                0x0000000020000154        0x2 ./my/include.o
                0x0000000020000154                x_buchang_r
 .sbss.z_buchang
                0x0000000020000156        0x2 ./my/include.o
                0x0000000020000156                z_buchang
 .sbss.bottom   0x0000000020000158        0x1 ./my/menu.o
                0x0000000020000158                bottom
 .sbss.changeFlag
                0x0000000020000159        0x1 ./my/menu.o
                0x0000000020000159                changeFlag
 .sbss.index_ptr
                0x000000002000015a        0x1 ./my/menu.o
                0x000000002000015a                index_ptr
 .sbss.is_showpicture
                0x000000002000015b        0x1 ./my/menu.o
                0x000000002000015b                is_showpicture
 .sbss.SteerTest
                0x000000002000015c        0x8 ./my/motor.o
                0x000000002000015c                SteerTest
 .sbss.value1   0x0000000020000164        0x2 ./my/pid.o
                0x0000000020000164                value1
 .sbss.value2   0x0000000020000166        0x2 ./my/pid.o
                0x0000000020000166                value2
 .sbss.value3   0x0000000020000168        0x2 ./my/pid.o
                0x0000000020000168                value3
 .sbss.value4   0x000000002000016a        0x2 ./my/pid.o
                0x000000002000016a                value4
 .sbss.cnt5ms   0x000000002000016c        0x2 ./USER/isr.o
                0x000000002000016c                cnt5ms
 *fill*         0x000000002000016e        0x2 
 .sbss.direrr   0x0000000020000170        0x4 ./USER/run.o
                0x0000000020000170                direrr
 .sbss.err_hang
                0x0000000020000174        0x2 ./USER/run.o
                0x0000000020000174                err_hang
 .sbss.longstr_cnt
                0x0000000020000176        0x2 ./USER/run.o
                0x0000000020000176                longstr_cnt
 .sbss.v_max    0x0000000020000178        0x2 ./USER/run.o
                0x0000000020000178                v_max
 .sbss.new_angle.5730
                0x000000002000017a        0x2 ./Libraries/seekfree_peripheral/SEEKFREE_ABSOLUTE_ENCODER.o
 .sbss.new_angle.5736
                0x000000002000017c        0x2 ./Libraries/seekfree_peripheral/SEEKFREE_ABSOLUTE_ENCODER.o
 .sbss.new_angle.5742
                0x000000002000017e        0x2 ./Libraries/seekfree_peripheral/SEEKFREE_ABSOLUTE_ENCODER.o
 .sbss.new_angle.5748
                0x0000000020000180        0x2 ./Libraries/seekfree_peripheral/SEEKFREE_ABSOLUTE_ENCODER.o
 .sbss.old_angle.5729
                0x0000000020000182        0x2 ./Libraries/seekfree_peripheral/SEEKFREE_ABSOLUTE_ENCODER.o
 .sbss.old_angle.5735
                0x0000000020000184        0x2 ./Libraries/seekfree_peripheral/SEEKFREE_ABSOLUTE_ENCODER.o
 .sbss.old_angle.5741
                0x0000000020000186        0x2 ./Libraries/seekfree_peripheral/SEEKFREE_ABSOLUTE_ENCODER.o
 .sbss.old_angle.5747
                0x0000000020000188        0x2 ./Libraries/seekfree_peripheral/SEEKFREE_ABSOLUTE_ENCODER.o
 .sbss.icm_gyro_z
                0x000000002000018a        0x2 ./Libraries/seekfree_peripheral/SEEKFREE_ICM20602.o
                0x000000002000018a                icm_gyro_z
 .sbss.mt9v03x_finish_flag
                0x000000002000018c        0x1 ./Libraries/seekfree_peripheral/SEEKFREE_MT9V03X.o
                0x000000002000018c                mt9v03x_finish_flag
 *fill*         0x000000002000018d        0x3 
 .sbss.receive  0x0000000020000190        0x3 ./Libraries/seekfree_peripheral/SEEKFREE_MT9V03X.o
                0x0000000020000190                receive
 .sbss.receive_num
                0x0000000020000193        0x1 ./Libraries/seekfree_peripheral/SEEKFREE_MT9V03X.o
                0x0000000020000193                receive_num
 .sbss.uart_receive_flag
                0x0000000020000194        0x1 ./Libraries/seekfree_peripheral/SEEKFREE_MT9V03X.o
                0x0000000020000194                uart_receive_flag
 *fill*         0x0000000020000195        0x3 
 .sbss.camera_buffer_addr
                0x0000000020000198        0x4 ./Libraries/seekfree_libraries/common.o
                0x0000000020000198                camera_buffer_addr
 .sbss.sys_clk  0x000000002000019c        0x4 ./Libraries/seekfree_libraries/common.o
                0x000000002000019c                sys_clk
 .sbss.__malloc_free_list
                0x00000000200001a0        0x4 e:/learning/mecanum_wheel/mounriver_studio/toolchain/risc-v embedded gcc/bin/../lib/gcc/riscv-none-embed/8.2.0/../../../../riscv-none-embed/lib/rv32imac/ilp32\libg_nano.a(lib_a-nano-mallocr.o)
                0x00000000200001a0                __malloc_free_list
 .sbss.__malloc_sbrk_start
                0x00000000200001a4        0x4 e:/learning/mecanum_wheel/mounriver_studio/toolchain/risc-v embedded gcc/bin/../lib/gcc/riscv-none-embed/8.2.0/../../../../riscv-none-embed/lib/rv32imac/ilp32\libg_nano.a(lib_a-nano-mallocr.o)
                0x00000000200001a4                __malloc_sbrk_start
 .sbss.heap_end.1518
                0x00000000200001a8        0x4 e:/learning/mecanum_wheel/mounriver_studio/toolchain/risc-v embedded gcc/bin/../lib/gcc/riscv-none-embed/8.2.0/../../../../riscv-none-embed/lib/rv32imac/ilp32\libnosys.a(sbrk.o)
 *(.gnu.linkonce.sb.*)
 *(.bss*)
 .bss.LCenter   0x00000000200001ac       0x3c ./my/imag.o
                0x00000000200001ac                LCenter
 .bss.L_black   0x00000000200001e8       0x3c ./my/imag.o
                0x00000000200001e8                L_black
 .bss.LoseL     0x0000000020000224       0x3c ./my/imag.o
                0x0000000020000224                LoseL
 .bss.LoseR     0x0000000020000260       0x3c ./my/imag.o
                0x0000000020000260                LoseR
 .bss.R_black   0x000000002000029c       0x3c ./my/imag.o
                0x000000002000029c                R_black
 .bss.PinThree  0x00000000200002d8        0xc ./my/key.o
                0x00000000200002d8                PinThree
 .bss.pid_dir   0x00000000200002e4       0x34 ./my/pid.o
                0x00000000200002e4                pid_dir
 .bss.pid_motor_1
                0x0000000020000318       0x24 ./my/pid.o
                0x0000000020000318                pid_motor_1
 .bss.pid_motor_2
                0x000000002000033c       0x24 ./my/pid.o
                0x000000002000033c                pid_motor_2
 .bss.pid_motor_3
                0x0000000020000360       0x24 ./my/pid.o
                0x0000000020000360                pid_motor_3
 .bss.pid_motor_4
                0x0000000020000384       0x24 ./my/pid.o
                0x0000000020000384                pid_motor_4
 .bss.pid_z     0x00000000200003a8       0x20 ./my/pid.o
                0x00000000200003a8                pid_z
 .bss.wheel     0x00000000200003c8       0x14 ./my/pid.o
                0x00000000200003c8                wheel
 .bss.mt9v03x_image
                0x00000000200003dc     0x1518 ./Libraries/seekfree_peripheral/SEEKFREE_MT9V03X.o
                0x00000000200003dc                mt9v03x_image
 .bss.p_Pixels  0x00000000200018f4     0x1518 ./Libraries/seekfree_peripheral/SEEKFREE_MT9V03X.o
                0x00000000200018f4                p_Pixels
 .bss.irq_status
                0x0000000020002e0c        0xc ./Libraries/seekfree_libraries/common.o
                0x0000000020002e0c                irq_status
 *(.gnu.linkonce.b.*)
 *(COMMON*)
 COMMON         0x0000000020002e18        0x4 e:/learning/mecanum_wheel/mounriver_studio/toolchain/risc-v embedded gcc/bin/../lib/gcc/riscv-none-embed/8.2.0/../../../../riscv-none-embed/lib/rv32imac/ilp32\libg_nano.a(lib_a-reent.o)
                0x0000000020002e18                errno
                0x0000000020002e1c                . = ALIGN (0x4)
                0x0000000020002e1c                PROVIDE (_ebss = .)
                [!provide]                        PROVIDE (_end = _ebss)
                0x0000000020002e1c                PROVIDE (end = .)

.stack          0x0000000020004800      0x800
                0x0000000020004800                . = ALIGN (0x4)
                [!provide]                        PROVIDE (_susrstack = .)
                0x0000000020005000                . = (. + __stack_size)
 *fill*         0x0000000020004800      0x800 
                0x0000000020005000                PROVIDE (_eusrstack = .)
OUTPUT(mailun.elf elf32-littleriscv)

.debug_info     0x0000000000000000    0x2c6f0
 .debug_info    0x0000000000000000       0xd5 ./my/base.o
 .debug_info    0x00000000000000d5     0x11fd ./my/encoder.o
 .debug_info    0x00000000000012d2     0x43e4 ./my/findline.o
 .debug_info    0x00000000000056b6      0xe93 ./my/imag.o
 .debug_info    0x0000000000006549     0x146b ./my/include.o
 .debug_info    0x00000000000079b4      0xf41 ./my/key.o
 .debug_info    0x00000000000088f5     0x19e7 ./my/menu.o
 .debug_info    0x000000000000a2dc     0x1396 ./my/motor.o
 .debug_info    0x000000000000b672     0x172b ./my/pid.o
 .debug_info    0x000000000000cd9d     0x1c7c ./USER/isr.o
 .debug_info    0x000000000000ea19     0x15bc ./USER/main.o
 .debug_info    0x000000000000ffd5     0x1730 ./USER/run.o
 .debug_info    0x0000000000011705       0x22 ./Libraries/wch_libraries/Startup/startup_ch32v10x.o
 .debug_info    0x0000000000011727      0x451 ./Libraries/wch_libraries/Peripheral/ch32v10x_dma.o
 .debug_info    0x0000000000011b78      0x353 ./Libraries/wch_libraries/Peripheral/ch32v10x_exti.o
 .debug_info    0x0000000000011ecb      0x883 ./Libraries/wch_libraries/Peripheral/ch32v10x_gpio.o
 .debug_info    0x000000000001274e      0x59a ./Libraries/wch_libraries/Peripheral/ch32v10x_misc.o
 .debug_info    0x0000000000012ce8      0x972 ./Libraries/wch_libraries/Peripheral/ch32v10x_rcc.o
 .debug_info    0x000000000001365a      0xa1c ./Libraries/wch_libraries/Peripheral/ch32v10x_spi.o
 .debug_info    0x0000000000014076     0x2288 ./Libraries/wch_libraries/Peripheral/ch32v10x_tim.o
 .debug_info    0x00000000000162fe      0xb73 ./Libraries/wch_libraries/Peripheral/ch32v10x_usart.o
 .debug_info    0x0000000000016e71     0x1c15 ./Libraries/seekfree_peripheral/SEEKFREE_ABSOLUTE_ENCODER.o
 .debug_info    0x0000000000018a86      0xb50 ./Libraries/seekfree_peripheral/SEEKFREE_FONT.o
 .debug_info    0x00000000000195d6     0x17f0 ./Libraries/seekfree_peripheral/SEEKFREE_ICM20602.o
 .debug_info    0x000000000001adc6     0x194a ./Libraries/seekfree_peripheral/SEEKFREE_MT9V03X.o
 .debug_info    0x000000000001c710     0x1e19 ./Libraries/seekfree_peripheral/SEEKFREE_OLED.o
 .debug_info    0x000000000001e529     0x132a ./Libraries/seekfree_peripheral/SEEKFREE_PRINTF.o
 .debug_info    0x000000000001f853      0xa5b ./Libraries/seekfree_libraries/common.o
 .debug_info    0x00000000000202ae     0x154c ./Libraries/seekfree_libraries/zf_camera.o
 .debug_info    0x00000000000217fa     0x1345 ./Libraries/seekfree_libraries/zf_gpio.o
 .debug_info    0x0000000000022b3f      0xf4b ./Libraries/seekfree_libraries/zf_nvic.o
 .debug_info    0x0000000000023a8a     0x13a5 ./Libraries/seekfree_libraries/zf_pit.o
 .debug_info    0x0000000000024e2f     0x1bea ./Libraries/seekfree_libraries/zf_pwm.o
 .debug_info    0x0000000000026a19     0x1553 ./Libraries/seekfree_libraries/zf_qtimer.o
 .debug_info    0x0000000000027f6c     0x1518 ./Libraries/seekfree_libraries/zf_spi.o
 .debug_info    0x0000000000029484      0xbb2 ./Libraries/seekfree_libraries/zf_systick.o
 .debug_info    0x000000000002a036     0x16d3 ./Libraries/seekfree_libraries/zf_uart.o
 .debug_info    0x000000000002b709      0xd6b ./Libraries/board/board.o
 .debug_info    0x000000000002c474      0x27c ./Libraries/board/clock_config.o

.debug_abbrev   0x0000000000000000     0x6d2d
 .debug_abbrev  0x0000000000000000       0xab ./my/base.o
 .debug_abbrev  0x00000000000000ab      0x2b2 ./my/encoder.o
 .debug_abbrev  0x000000000000035d      0x6e8 ./my/findline.o
 .debug_abbrev  0x0000000000000a45      0x301 ./my/imag.o
 .debug_abbrev  0x0000000000000d46      0x261 ./my/include.o
 .debug_abbrev  0x0000000000000fa7      0x2aa ./my/key.o
 .debug_abbrev  0x0000000000001251      0x3fc ./my/menu.o
 .debug_abbrev  0x000000000000164d      0x2dc ./my/motor.o
 .debug_abbrev  0x0000000000001929      0x31e ./my/pid.o
 .debug_abbrev  0x0000000000001c47      0x306 ./USER/isr.o
 .debug_abbrev  0x0000000000001f4d      0x2a4 ./USER/main.o
 .debug_abbrev  0x00000000000021f1      0x405 ./USER/run.o
 .debug_abbrev  0x00000000000025f6       0x12 ./Libraries/wch_libraries/Startup/startup_ch32v10x.o
 .debug_abbrev  0x0000000000002608      0x1f7 ./Libraries/wch_libraries/Peripheral/ch32v10x_dma.o
 .debug_abbrev  0x00000000000027ff      0x1b6 ./Libraries/wch_libraries/Peripheral/ch32v10x_exti.o
 .debug_abbrev  0x00000000000029b5      0x1ff ./Libraries/wch_libraries/Peripheral/ch32v10x_gpio.o
 .debug_abbrev  0x0000000000002bb4      0x1a7 ./Libraries/wch_libraries/Peripheral/ch32v10x_misc.o
 .debug_abbrev  0x0000000000002d5b      0x2d2 ./Libraries/wch_libraries/Peripheral/ch32v10x_rcc.o
 .debug_abbrev  0x000000000000302d      0x201 ./Libraries/wch_libraries/Peripheral/ch32v10x_spi.o
 .debug_abbrev  0x000000000000322e      0x302 ./Libraries/wch_libraries/Peripheral/ch32v10x_tim.o
 .debug_abbrev  0x0000000000003530      0x201 ./Libraries/wch_libraries/Peripheral/ch32v10x_usart.o
 .debug_abbrev  0x0000000000003731      0x3e8 ./Libraries/seekfree_peripheral/SEEKFREE_ABSOLUTE_ENCODER.o
 .debug_abbrev  0x0000000000003b19      0x217 ./Libraries/seekfree_peripheral/SEEKFREE_FONT.o
 .debug_abbrev  0x0000000000003d30      0x393 ./Libraries/seekfree_peripheral/SEEKFREE_ICM20602.o
 .debug_abbrev  0x00000000000040c3      0x403 ./Libraries/seekfree_peripheral/SEEKFREE_MT9V03X.o
 .debug_abbrev  0x00000000000044c6      0x43f ./Libraries/seekfree_peripheral/SEEKFREE_OLED.o